Archive member included because of file (symbol)

/home/niklas/Downloads/gcc-arm-none-eabi-4_8-2014q3/bin/../lib/gcc/arm-none-eabi/4.8.4/../../../../arm-none-eabi/lib/armv7-m/libc.a(lib_a-exit.o)
                              /home/niklas/Downloads/gcc-arm-none-eabi-4_8-2014q3/bin/../lib/gcc/arm-none-eabi/4.8.4/../../../../arm-none-eabi/lib/armv7-m/crt0.o (exit)
/home/niklas/Downloads/gcc-arm-none-eabi-4_8-2014q3/bin/../lib/gcc/arm-none-eabi/4.8.4/../../../../arm-none-eabi/lib/armv7-m/libc.a(lib_a-impure.o)
                              /home/niklas/Downloads/gcc-arm-none-eabi-4_8-2014q3/bin/../lib/gcc/arm-none-eabi/4.8.4/../../../../arm-none-eabi/lib/armv7-m/libc.a(lib_a-exit.o) (_global_impure_ptr)
/home/niklas/Downloads/gcc-arm-none-eabi-4_8-2014q3/bin/../lib/gcc/arm-none-eabi/4.8.4/../../../../arm-none-eabi/lib/armv7-m/libc.a(lib_a-init.o)
                              /home/niklas/Downloads/gcc-arm-none-eabi-4_8-2014q3/bin/../lib/gcc/arm-none-eabi/4.8.4/../../../../arm-none-eabi/lib/armv7-m/crt0.o (__libc_init_array)
/home/niklas/Downloads/gcc-arm-none-eabi-4_8-2014q3/bin/../lib/gcc/arm-none-eabi/4.8.4/../../../../arm-none-eabi/lib/armv7-m/libc.a(lib_a-memset.o)
                              /home/niklas/Downloads/gcc-arm-none-eabi-4_8-2014q3/bin/../lib/gcc/arm-none-eabi/4.8.4/../../../../arm-none-eabi/lib/armv7-m/crt0.o (memset)
/home/niklas/Downloads/gcc-arm-none-eabi-4_8-2014q3/bin/../lib/gcc/arm-none-eabi/4.8.4/../../../../arm-none-eabi/lib/armv7-m/libc.a(lib_a-__call_atexit.o)
                              /home/niklas/Downloads/gcc-arm-none-eabi-4_8-2014q3/bin/../lib/gcc/arm-none-eabi/4.8.4/../../../../arm-none-eabi/lib/armv7-m/libc.a(lib_a-exit.o) (__call_exitprocs)
/home/niklas/Downloads/gcc-arm-none-eabi-4_8-2014q3/bin/../lib/gcc/arm-none-eabi/4.8.4/../../../../arm-none-eabi/lib/armv7-m/libc.a(lib_a-atexit.o)
                              /home/niklas/Downloads/gcc-arm-none-eabi-4_8-2014q3/bin/../lib/gcc/arm-none-eabi/4.8.4/../../../../arm-none-eabi/lib/armv7-m/libc.a(lib_a-__call_atexit.o) (atexit)
/home/niklas/Downloads/gcc-arm-none-eabi-4_8-2014q3/bin/../lib/gcc/arm-none-eabi/4.8.4/../../../../arm-none-eabi/lib/armv7-m/libc.a(lib_a-fini.o)
                              /home/niklas/Downloads/gcc-arm-none-eabi-4_8-2014q3/bin/../lib/gcc/arm-none-eabi/4.8.4/../../../../arm-none-eabi/lib/armv7-m/libc.a(lib_a-__call_atexit.o) (__libc_fini_array)
/home/niklas/Downloads/gcc-arm-none-eabi-4_8-2014q3/bin/../lib/gcc/arm-none-eabi/4.8.4/../../../../arm-none-eabi/lib/armv7-m/libc.a(lib_a-__atexit.o)
                              /home/niklas/Downloads/gcc-arm-none-eabi-4_8-2014q3/bin/../lib/gcc/arm-none-eabi/4.8.4/../../../../arm-none-eabi/lib/armv7-m/libc.a(lib_a-atexit.o) (__register_exitproc)
/home/niklas/Downloads/gcc-arm-none-eabi-4_8-2014q3/bin/../lib/gcc/arm-none-eabi/4.8.4/../../../../arm-none-eabi/lib/armv7-m/libm.a(lib_a-wf_exp.o)
                              /tmp/cccTkrLV.o (expf)
/home/niklas/Downloads/gcc-arm-none-eabi-4_8-2014q3/bin/../lib/gcc/arm-none-eabi/4.8.4/../../../../arm-none-eabi/lib/armv7-m/libm.a(lib_a-ef_exp.o)
                              /home/niklas/Downloads/gcc-arm-none-eabi-4_8-2014q3/bin/../lib/gcc/arm-none-eabi/4.8.4/../../../../arm-none-eabi/lib/armv7-m/libm.a(lib_a-wf_exp.o) (__ieee754_expf)
/home/niklas/Downloads/gcc-arm-none-eabi-4_8-2014q3/bin/../lib/gcc/arm-none-eabi/4.8.4/../../../../arm-none-eabi/lib/armv7-m/libm.a(lib_a-s_lib_ver.o)
                              /home/niklas/Downloads/gcc-arm-none-eabi-4_8-2014q3/bin/../lib/gcc/arm-none-eabi/4.8.4/../../../../arm-none-eabi/lib/armv7-m/libm.a(lib_a-wf_exp.o) (__fdlib_version)
/home/niklas/Downloads/gcc-arm-none-eabi-4_8-2014q3/bin/../lib/gcc/arm-none-eabi/4.8.4/../../../../arm-none-eabi/lib/armv7-m/libm.a(lib_a-s_matherr.o)
                              /home/niklas/Downloads/gcc-arm-none-eabi-4_8-2014q3/bin/../lib/gcc/arm-none-eabi/4.8.4/../../../../arm-none-eabi/lib/armv7-m/libm.a(lib_a-wf_exp.o) (matherr)
/home/niklas/Downloads/gcc-arm-none-eabi-4_8-2014q3/bin/../lib/gcc/arm-none-eabi/4.8.4/../../../../arm-none-eabi/lib/armv7-m/libm.a(lib_a-sf_finite.o)
                              /home/niklas/Downloads/gcc-arm-none-eabi-4_8-2014q3/bin/../lib/gcc/arm-none-eabi/4.8.4/../../../../arm-none-eabi/lib/armv7-m/libm.a(lib_a-wf_exp.o) (finitef)
/home/niklas/Downloads/gcc-arm-none-eabi-4_8-2014q3/bin/../lib/gcc/arm-none-eabi/4.8.4/../../../../arm-none-eabi/lib/armv7-m/libnosys.a(_exit.o)
                              /home/niklas/Downloads/gcc-arm-none-eabi-4_8-2014q3/bin/../lib/gcc/arm-none-eabi/4.8.4/../../../../arm-none-eabi/lib/armv7-m/libc.a(lib_a-exit.o) (_exit)
/home/niklas/Downloads/gcc-arm-none-eabi-4_8-2014q3/bin/../lib/gcc/arm-none-eabi/4.8.4/armv7-m/libgcc.a(_arm_addsubdf3.o)
                              /tmp/cccTkrLV.o (__aeabi_dsub)
/home/niklas/Downloads/gcc-arm-none-eabi-4_8-2014q3/bin/../lib/gcc/arm-none-eabi/4.8.4/armv7-m/libgcc.a(_arm_muldivdf3.o)
[...]
Memory Configuration

Name             Origin             Length             Attributes
FLASH            0x08000000         0x00008000         xr
RAM              0x20000000         0x00001000         xrw
MEMORY_B1        0x60000000         0x00000000         xr
*default*        0x00000000         0xffffffff

Linker script and memory map

LOAD /home/niklas/Downloads/gcc-arm-none-eabi-4_8-2014q3/bin/../lib/gcc/arm-none-eabi/4.8.4/armv7-m/crti.o
LOAD /home/niklas/Downloads/gcc-arm-none-eabi-4_8-2014q3/bin/../lib/gcc/arm-none-eabi/4.8.4/armv7-m/crtbegin.o
LOAD /home/niklas/Downloads/gcc-arm-none-eabi-4_8-2014q3/bin/../lib/gcc/arm-none-eabi/4.8.4/../../../../arm-none-eabi/lib/armv7-m/crt0.o
                0x20000400                _estack = 0x20000400
                0x00000400                _Min_Heap_Size = 0x400
                0x00000400                _Min_Stack_Size = 0x400

.isr_vector     0x08000000      0x110
                0x08000000                . = ALIGN (0x4)
 *(.isr_vector)
 .isr_vector    0x08000000      0x110 /tmp/ccDelmJw.o
                0x08000000                g_pfnVectors
                0x08000110                . = ALIGN (0x4)

.eh_frame       0x08000110        0x0
 .eh_frame      0x08000110        0x0 /home/niklas/Downloads/gcc-arm-none-eabi-4_8-2014q3/bin/../lib/gcc/arm-none-eabi/4.8.4/armv7-m/crtbegin.o

.text           0x08000110     0x2390
                0x08000110                . = ALIGN (0x4)
 *(.text)
 .text          0x08000110       0x54 /home/niklas/Downloads/gcc-arm-none-eabi-4_8-2014q3/bin/../lib/gcc/arm-none-eabi/4.8.4/armv7-m/crtbegin.o
 .text          0x08000164       0xec /home/niklas/Downloads/gcc-arm-none-eabi-4_8-2014q3/bin/../lib/gcc/arm-none-eabi/4.8.4/../../../../arm-none-eabi/lib/armv7-m/libc.a(lib_a-memcpy.o)
                0x08000164                memcpy
 *(.text*)
 .text.memset   0x08000250       0x94 /home/niklas/Downloads/gcc-arm-none-eabi-4_8-2014q3/bin/../lib/gcc/arm-none-eabi/4.8.4/../../../../arm-none-eabi/lib/armv7-m/libc.a(lib_a-memset.o)
                0x08000250                memset
 .text.startup.register_fini
                0x080002e4       0x14 /home/niklas/Downloads/gcc-arm-none-eabi-4_8-2014q3/bin/../lib/gcc/arm-none-eabi/4.8.4/../../../../arm-none-eabi/lib/armv7-m/libc.a(lib_a-__call_atexit.o)
 .text.atexit   0x080002f8        0xc /home/niklas/Downloads/gcc-arm-none-eabi-4_8-2014q3/bin/../lib/gcc/arm-none-eabi/4.8.4/../../../../arm-none-eabi/lib/armv7-m/libc.a(lib_a-atexit.o)
                0x080002f8                atexit
 .text.__libc_fini_array
                0x08000304       0x30 /home/niklas/Downloads/gcc-arm-none-eabi-4_8-2014q3/bin/../lib/gcc/arm-none-eabi/4.8.4/../../../../arm-none-eabi/lib/armv7-m/libc.a(lib_a-fini.o)
                0x08000304                __libc_fini_array
 .text.__register_exitproc
                0x08000334       0xa8 /home/niklas/Downloads/gcc-arm-none-eabi-4_8-2014q3/bin/../lib/gcc/arm-none-eabi/4.8.4/../../../../arm-none-eabi/lib/armv7-m/libc.a(lib_a-__atexit.o)
                0x08000334                __register_exitproc
 .text.SysTick_Handler
                0x080003dc        0x2 /tmp/ccyBTnAm.o
                0x080003dc                SysTick_Handler
 *fill*         0x080003de        0x2 
 .text.time_init
                0x080003e0       0x24 /tmp/ccyBTnAm.o
                0x080003e0                time_init
 .text.time_update
                0x08000404       0x30 /tmp/ccyBTnAm.o
                0x08000404                time_update
 .text.gettime  0x08000434        0x4 /tmp/ccyBTnAm.o
                0x08000434                gettime
 .text.delay    0x08000438       0x14 /tmp/ccyBTnAm.o
                0x08000438                delay
 .text.clk_init
                0x0800044c       0x64 /tmp/ccprCjqw.o
                0x0800044c                clk_init
 .text.gpio_init
                0x080004b0       0x54 /tmp/ccbBs8BW.o
                0x080004b0                gpio_init
 .text.startup.main
                0x08000504       0x44 /tmp/cc5IZASw.o
                0x08000504                main
 .text.HardFault_Handler
                0x08000548        0x2 /tmp/cc5IZASw.o
                0x08000548                HardFault_Handler
 .text.MemManage_Handler
                0x0800054a        0x2 /tmp/cc5IZASw.o
                0x0800054a                MemManage_Handler
 .text.BusFault_Handler
                0x0800054c        0x2 /tmp/cc5IZASw.o
                0x0800054c                BusFault_Handler
 .text.UsageFault_Handler
                0x0800054e        0x2 /tmp/cc5IZASw.o
                0x0800054e                UsageFault_Handler
 .text.USART2_IRQHandler
                0x08000550       0x44 /tmp/ccpcFpTj.o
                0x08000550                USART2_IRQHandler
 .text.serial_init
                0x08000594       0x88 /tmp/ccpcFpTj.o
                0x08000594                serial_init
 .text.i2c_init
                0x0800061c      0x154 /tmp/cc8Xnr6L.o
                0x0800061c                i2c_init
 .text.System_Init
                0x08000770       0xe4 /tmp/cc2Lg6aV.o
                0x08000770                System_Init
 .text.GPIO_Init
                0x08000854       0x7e /tmp/ccTZETip.o
                0x08000854                GPIO_Init
 .text.GPIO_ReadInputBit
                0x080008d2        0xc /tmp/ccTZETip.o
                0x080008d2                GPIO_ReadInputBit
 .text.GPIO_WriteBit
                0x080008de        0xa /tmp/ccTZETip.o
                0x080008de                GPIO_WriteBit
 .text.GPIO_PinAFConfig
                0x080008e8       0x24 /tmp/ccTZETip.o
                0x080008e8                GPIO_PinAFConfig
 .text.I2C_Init
                0x0800090c       0xd0 /tmp/ccYyPLoh.o
                0x0800090c                I2C_Init
 .text.I2C_Enable
                0x080009dc       0x18 /tmp/ccYyPLoh.o
                0x080009dc                I2C_Enable
 .text.I2C_Acknowledge_Enable
                0x080009f4       0x18 /tmp/ccYyPLoh.o
                0x080009f4                I2C_Acknowledge_Enable
 .text.I2C_NACKPosition_Enable
                0x08000a0c       0x1c /tmp/ccYyPLoh.o
                0x08000a0c                I2C_NACKPosition_Enable
 .text.RCC_HSEConfig
                0x08000a28       0x10 /tmp/ccj2Ik1h.o
                0x08000a28                RCC_HSEConfig
 .text.RCC_HSI_Enable
                0x08000a38       0x18 /tmp/ccj2Ik1h.o
                0x08000a38                RCC_HSI_Enable
 .text.RCC_PLLConfig
                0x08000a50       0x1c /tmp/ccj2Ik1h.o
                0x08000a50                RCC_PLLConfig
 .text.RCC_PLL_Enable
                0x08000a6c       0x18 /tmp/ccj2Ik1h.o
                0x08000a6c                RCC_PLL_Enable
 .text.RCC_CK_SYSConfig
                0x08000a84       0x14 /tmp/ccj2Ik1h.o
                0x08000a84                RCC_CK_SYSConfig
 .text.RCC_AHBConfig
                0x08000a98       0x14 /tmp/ccj2Ik1h.o
                0x08000a98                RCC_AHBConfig
 .text.RCC_APB1Config
                0x08000aac       0x14 /tmp/ccj2Ik1h.o
                0x08000aac                RCC_APB1Config
 .text.RCC_APB2Config
                0x08000ac0       0x14 /tmp/ccj2Ik1h.o
                0x08000ac0                RCC_APB2Config
 .text.RCC_GetClocksFreq
                0x08000ad4      0x108 /tmp/ccj2Ik1h.o
                0x08000ad4                RCC_GetClocksFreq
 .text.RCC_AHBPeriphClock_Enable
                0x08000bdc       0x18 /tmp/ccj2Ik1h.o
                0x08000bdc                RCC_AHBPeriphClock_Enable
 .text.RCC_APB1PeriphClock_Enable
                0x08000bf4       0x18 /tmp/ccj2Ik1h.o
                0x08000bf4                RCC_APB1PeriphClock_Enable
 .text.RCC_GetBitState
                0x08000c0c       0x2c /tmp/ccj2Ik1h.o
                0x08000c0c                RCC_GetBitState
 .text.USART_Init
                0x08000c38       0x8c /tmp/cc7ntQvp.o
                0x08000c38                USART_Init
 .text.USART_Enable
                0x08000cc4       0x12 /tmp/cc7ntQvp.o
                0x08000cc4                USART_Enable
 .text.USART_DataSend
                0x08000cd6        0x8 /tmp/cc7ntQvp.o
                0x08000cd6                USART_DataSend
 .text.USART_INT_Set
                0x08000cde       0x34 /tmp/cc7ntQvp.o
                0x08000cde                USART_INT_Set
 *fill*         0x08000d12        0x2 
 .text.Reset_Handler
                0x08000d14       0x54 /tmp/ccDelmJw.o
                0x08000d14                Reset_Handler
 .text.Default_Handler
                0x08000d68        0x4 /tmp/ccDelmJw.o
                0x08000d68                DebugMon_Handler
                0x08000d68                LVD_IRQHandler
                0x08000d68                ADC1_CMP_IRQHandler
                0x08000d68                TIM1_CC_IRQHandler
                0x08000d68                USB_HP_IRQHandler
                0x08000d68                PendSV_Handler
                0x08000d68                NMI_Handler
                0x08000d68                I2C3_ER_IRQHandler
                0x08000d68                I2C2_EV_IRQHandler
                0x08000d68                SPI1_IRQHandler
                0x08000d68                TIM6_DAC_IRQHandler
                0x08000d68                EXTI2_3_IRQHandler
                0x08000d68                TIM17_IRQHandler
                0x08000d68                RTC_IRQHandler
                0x08000d68                I2C1_EV_IRQHandler
                0x08000d68                TIM16_IRQHandler
                0x08000d68                TIM3_IRQHandler
                0x08000d68                EXTI4_15_IRQHandler
                0x08000d68                RCC_IRQHandler
                0x08000d68                DMA1_Channel1_IRQHandler
                0x08000d68                Default_Handler
                0x08000d68                CEC_IRQHandler
                0x08000d68                TIM14_IRQHandler
                0x08000d68                DMA1_Channel4_5_IRQHandler
                0x08000d68                TIM15_IRQHandler
                0x08000d68                I2C3_EV_IRQHandler
                0x08000d68                EXTI0_1_IRQHandler
                0x08000d68                SPI2_IRQHandler
                0x08000d68                SVC_Handler
                0x08000d68                USB_LP_IRQHandler
                0x08000d68                DMA1_Channel6_7_IRQHandler
                0x08000d68                TS_IRQHandler
                0x08000d68                WWDG_IRQHandler
                0x08000d68                TIM2_IRQHandler
                0x08000d68                DMA1_Channel2_3_IRQHandler
                0x08000d68                I2C2_ER_IRQHandler
                0x08000d68                USART1_IRQHandler
                0x08000d68                SPI3_IRQHandler
                0x08000d68                I2C1_ER_IRQHandler
                0x08000d68                FMC_IRQHandler
                0x08000d68                TIM1_BRK_UP_TRG_COM_IRQHandler
                0x08000d68                USBWakeUp_IRQHandler
 .text._puts_r  0x08000d6c       0x60 /home/niklas/Downloads/gcc-arm-none-eabi-4_8-2014q3/bin/../lib/gcc/arm-none-eabi/4.8.4/../../../../arm-none-eabi/lib/armv7-m/libc.a(lib_a-puts.o)
                0x08000d6c                _puts_r
 .text.puts     0x08000dcc       0x10 /home/niklas/Downloads/gcc-arm-none-eabi-4_8-2014q3/bin/../lib/gcc/arm-none-eabi/4.8.4/../../../../arm-none-eabi/lib/armv7-m/libc.a(lib_a-puts.o)
                0x08000dcc                puts
 .text.strlen   0x08000ddc       0x60 /home/niklas/Downloads/gcc-arm-none-eabi-4_8-2014q3/bin/../lib/gcc/arm-none-eabi/4.8.4/../../../../arm-none-eabi/lib/armv7-m/libc.a(lib_a-strlen.o)
                0x08000ddc                strlen
 .text.__sfvwrite_r
                0x08000e3c      0x318 /home/niklas/Downloads/gcc-arm-none-eabi-4_8-2014q3/bin/../lib/gcc/arm-none-eabi/4.8.4/../../../../arm-none-eabi/lib/armv7-m/libc.a(lib_a-fvwrite.o)
                0x08000e3c                __sfvwrite_r
 .text._malloc_r
                0x08001154      0x538 /home/niklas/Downloads/gcc-arm-none-eabi-4_8-2014q3/bin/../lib/gcc/arm-none-eabi/4.8.4/../../../../arm-none-eabi/lib/armv7-m/libc.a(lib_a-mallocr.o)
                0x08001154                _malloc_r
 .text.memchr   0x0800168c       0x94 /home/niklas/Downloads/gcc-arm-none-eabi-4_8-2014q3/bin/../lib/gcc/arm-none-eabi/4.8.4/../../../../arm-none-eabi/lib/armv7-m/libc.a(lib_a-memchr-stub.o)
                0x0800168c                memchr
 .text.memmove  0x08001720       0xcc /home/niklas/Downloads/gcc-arm-none-eabi-4_8-2014q3/bin/../lib/gcc/arm-none-eabi/4.8.4/../../../../arm-none-eabi/lib/armv7-m/libc.a(lib_a-memmove.o)
                0x08001720                memmove
 .text.__malloc_lock
                0x080017ec        0x4 /home/niklas/Downloads/gcc-arm-none-eabi-4_8-2014q3/bin/../lib/gcc/arm-none-eabi/4.8.4/../../../../arm-none-eabi/lib/armv7-m/libc.a(lib_a-mlock.o)
                0x080017ec                __malloc_lock
 .text.__malloc_unlock
                0x080017f0        0x4 /home/niklas/Downloads/gcc-arm-none-eabi-4_8-2014q3/bin/../lib/gcc/arm-none-eabi/4.8.4/../../../../arm-none-eabi/lib/armv7-m/libc.a(lib_a-mlock.o)
                0x080017f0                __malloc_unlock
 .text._realloc_r
                0x080017f4      0x3c0 /home/niklas/Downloads/gcc-arm-none-eabi-4_8-2014q3/bin/../lib/gcc/arm-none-eabi/4.8.4/../../../../arm-none-eabi/lib/armv7-m/libc.a(lib_a-reallocr.o)
                0x080017f4                _realloc_r
 .text._sbrk_r  0x08001bb4       0x24 /home/niklas/Downloads/gcc-arm-none-eabi-4_8-2014q3/bin/../lib/gcc/arm-none-eabi/4.8.4/../../../../arm-none-eabi/lib/armv7-m/libc.a(lib_a-sbrkr.o)
                0x08001bb4                _sbrk_r
 .text.__swsetup_r
                0x08001bd8       0xc4 /home/niklas/Downloads/gcc-arm-none-eabi-4_8-2014q3/bin/../lib/gcc/arm-none-eabi/4.8.4/../../../../arm-none-eabi/lib/armv7-m/libc.a(lib_a-wsetup.o)
                0x08001bd8                __swsetup_r
 .text.__sflush_r
                0x08001c9c      0x148 /home/niklas/Downloads/gcc-arm-none-eabi-4_8-2014q3/bin/../lib/gcc/arm-none-eabi/4.8.4/../../../../arm-none-eabi/lib/armv7-m/libc.a(lib_a-fflush.o)
                0x08001c9c                __sflush_r
 .text._fflush_r
                0x08001de4       0x2c /home/niklas/Downloads/gcc-arm-none-eabi-4_8-2014q3/bin/../lib/gcc/arm-none-eabi/4.8.4/../../../../arm-none-eabi/lib/armv7-m/libc.a(lib_a-fflush.o)
                0x08001de4                _fflush_r
 .text._cleanup_r
                0x08001e10        0xc /home/niklas/Downloads/gcc-arm-none-eabi-4_8-2014q3/bin/../lib/gcc/arm-none-eabi/4.8.4/../../../../arm-none-eabi/lib/armv7-m/libc.a(lib_a-findfp.o)
                0x08001e10                _cleanup_r
 .text.__sinit  0x08001e1c       0xf4 /home/niklas/Downloads/gcc-arm-none-eabi-4_8-2014q3/bin/../lib/gcc/arm-none-eabi/4.8.4/../../../../arm-none-eabi/lib/armv7-m/libc.a(lib_a-findfp.o)
                0x08001e1c                __sinit
 .text.__sfp_lock_acquire
                0x08001f10        0x4 /home/niklas/Downloads/gcc-arm-none-eabi-4_8-2014q3/bin/../lib/gcc/arm-none-eabi/4.8.4/../../../../arm-none-eabi/lib/armv7-m/libc.a(lib_a-findfp.o)
                0x08001f10                __sfp_lock_acquire
 .text.__sfp_lock_release
                0x08001f14        0x4 /home/niklas/Downloads/gcc-arm-none-eabi-4_8-2014q3/bin/../lib/gcc/arm-none-eabi/4.8.4/../../../../arm-none-eabi/lib/armv7-m/libc.a(lib_a-findfp.o)
                0x08001f14                __sfp_lock_release
 .text._malloc_trim_r
                0x08001f18       0x9c /home/niklas/Downloads/gcc-arm-none-eabi-4_8-2014q3/bin/../lib/gcc/arm-none-eabi/4.8.4/../../../../arm-none-eabi/lib/armv7-m/libc.a(lib_a-freer.o)
                0x08001f18                _malloc_trim_r
 .text._free_r  0x08001fb4      0x198 /home/niklas/Downloads/gcc-arm-none-eabi-4_8-2014q3/bin/../lib/gcc/arm-none-eabi/4.8.4/../../../../arm-none-eabi/lib/armv7-m/libc.a(lib_a-freer.o)
                0x08001fb4                _free_r
 .text._fwalk   0x0800214c       0x48 /home/niklas/Downloads/gcc-arm-none-eabi-4_8-2014q3/bin/../lib/gcc/arm-none-eabi/4.8.4/../../../../arm-none-eabi/lib/armv7-m/libc.a(lib_a-fwalk.o)
                0x0800214c                _fwalk
 .text.__smakebuf_r
                0x08002194       0xe0 /home/niklas/Downloads/gcc-arm-none-eabi-4_8-2014q3/bin/../lib/gcc/arm-none-eabi/4.8.4/../../../../arm-none-eabi/lib/armv7-m/libc.a(lib_a-makebuf.o)
                0x08002194                __smakebuf_r
 .text.__sread  0x08002274       0x24 /home/niklas/Downloads/gcc-arm-none-eabi-4_8-2014q3/bin/../lib/gcc/arm-none-eabi/4.8.4/../../../../arm-none-eabi/lib/armv7-m/libc.a(lib_a-stdio.o)
                0x08002274                __sread
 .text.__swrite
                0x08002298       0x38 /home/niklas/Downloads/gcc-arm-none-eabi-4_8-2014q3/bin/../lib/gcc/arm-none-eabi/4.8.4/../../../../arm-none-eabi/lib/armv7-m/libc.a(lib_a-stdio.o)
                0x08002298                __swrite
 .text.__sseek  0x080022d0       0x20 /home/niklas/Downloads/gcc-arm-none-eabi-4_8-2014q3/bin/../lib/gcc/arm-none-eabi/4.8.4/../../../../arm-none-eabi/lib/armv7-m/libc.a(lib_a-stdio.o)
                0x080022d0                __sseek
 .text.__sclose
                0x080022f0        0x8 /home/niklas/Downloads/gcc-arm-none-eabi-4_8-2014q3/bin/../lib/gcc/arm-none-eabi/4.8.4/../../../../arm-none-eabi/lib/armv7-m/libc.a(lib_a-stdio.o)
                0x080022f0                __sclose
 .text._write_r
                0x080022f8       0x28 /home/niklas/Downloads/gcc-arm-none-eabi-4_8-2014q3/bin/../lib/gcc/arm-none-eabi/4.8.4/../../../../arm-none-eabi/lib/armv7-m/libc.a(lib_a-writer.o)
                0x080022f8                _write_r
 .text._close_r
                0x08002320       0x24 /home/niklas/Downloads/gcc-arm-none-eabi-4_8-2014q3/bin/../lib/gcc/arm-none-eabi/4.8.4/../../../../arm-none-eabi/lib/armv7-m/libc.a(lib_a-closer.o)
                0x08002320                _close_r
 .text._fclose_r
                0x08002344       0x80 /home/niklas/Downloads/gcc-arm-none-eabi-4_8-2014q3/bin/../lib/gcc/arm-none-eabi/4.8.4/../../../../arm-none-eabi/lib/armv7-m/libc.a(lib_a-fclose.o)
                0x08002344                _fclose_r
 .text.fclose   0x080023c4       0x10 /home/niklas/Downloads/gcc-arm-none-eabi-4_8-2014q3/bin/../lib/gcc/arm-none-eabi/4.8.4/../../../../arm-none-eabi/lib/armv7-m/libc.a(lib_a-fclose.o)
                0x080023c4                fclose
 .text._fstat_r
                0x080023d4       0x28 /home/niklas/Downloads/gcc-arm-none-eabi-4_8-2014q3/bin/../lib/gcc/arm-none-eabi/4.8.4/../../../../arm-none-eabi/lib/armv7-m/libc.a(lib_a-fstatr.o)
                0x080023d4                _fstat_r
 .text._isatty_r
                0x080023fc       0x24 /home/niklas/Downloads/gcc-arm-none-eabi-4_8-2014q3/bin/../lib/gcc/arm-none-eabi/4.8.4/../../../../arm-none-eabi/lib/armv7-m/libc.a(lib_a-isattyr.o)
                0x080023fc                _isatty_r
 .text._lseek_r
                0x08002420       0x28 /home/niklas/Downloads/gcc-arm-none-eabi-4_8-2014q3/bin/../lib/gcc/arm-none-eabi/4.8.4/../../../../arm-none-eabi/lib/armv7-m/libc.a(lib_a-lseekr.o)
                0x08002420                _lseek_r
 .text._read_r  0x08002448       0x28 /home/niklas/Downloads/gcc-arm-none-eabi-4_8-2014q3/bin/../lib/gcc/arm-none-eabi/4.8.4/../../../../arm-none-eabi/lib/armv7-m/libc.a(lib_a-readr.o)
                0x08002448                _read_r
 *(.rodata)
 *(.rodata*)
 .rodata.str1.4
                0x08002470        0x2 /home/niklas/Downloads/gcc-arm-none-eabi-4_8-2014q3/bin/../lib/gcc/arm-none-eabi/4.8.4/../../../../arm-none-eabi/lib/armv7-m/libc.a(lib_a-impure.o)
                                  0x4 (size before relaxing)
 *fill*         0x08002472        0x2 
 .rodata._global_impure_ptr
                0x08002474        0x4 /home/niklas/Downloads/gcc-arm-none-eabi-4_8-2014q3/bin/../lib/gcc/arm-none-eabi/4.8.4/../../../../arm-none-eabi/lib/armv7-m/libc.a(lib_a-impure.o)
                0x08002474                _global_impure_ptr
 .rodata.str1.1
                0x08002478        0xc /tmp/cc5IZASw.o
 .rodata.str1.4
                0x08002484        0x4 /home/niklas/Downloads/gcc-arm-none-eabi-4_8-2014q3/bin/../lib/gcc/arm-none-eabi/4.8.4/../../../../arm-none-eabi/lib/armv7-m/libc.a(lib_a-puts.o)
 *(.glue_7)
 .glue_7        0x00000000        0x0 linker stubs
 *(.glue_7t)
 .glue_7t       0x00000000        0x0 linker stubs
 *(.init)
 .init          0x08002488        0x4 /home/niklas/Downloads/gcc-arm-none-eabi-4_8-2014q3/bin/../lib/gcc/arm-none-eabi/4.8.4/armv7-m/crti.o
                0x08002488                _init
 .init          0x0800248c        0x8 /home/niklas/Downloads/gcc-arm-none-eabi-4_8-2014q3/bin/../lib/gcc/arm-none-eabi/4.8.4/armv7-m/crtn.o
 *(.fini)
 .fini          0x08002494        0x4 /home/niklas/Downloads/gcc-arm-none-eabi-4_8-2014q3/bin/../lib/gcc/arm-none-eabi/4.8.4/armv7-m/crti.o
                0x08002494                _fini
 .fini          0x08002498        0x8 /home/niklas/Downloads/gcc-arm-none-eabi-4_8-2014q3/bin/../lib/gcc/arm-none-eabi/4.8.4/armv7-m/crtn.o
                0x080024a0                . = ALIGN (0x4)
                0x080024a0                _etext = .

.vfp11_veneer   0x080024a0        0x0
 .vfp11_veneer  0x00000000        0x0 linker stubs

.v4_bx          0x080024a0        0x0
 .v4_bx         0x00000000        0x0 linker stubs

.iplt           0x080024a0        0x0
 .iplt          0x00000000        0x0 /home/niklas/Downloads/gcc-arm-none-eabi-4_8-2014q3/bin/../lib/gcc/arm-none-eabi/4.8.4/armv7-m/crtbegin.o

.rel.dyn        0x080024a0        0x0
 .rel.iplt      0x00000000        0x0 /home/niklas/Downloads/gcc-arm-none-eabi-4_8-2014q3/bin/../lib/gcc/arm-none-eabi/4.8.4/armv7-m/crtbegin.o

.ARM.extab
 *(.ARM.extab* .gnu.linkonce.armextab.*)

.ARM            0x080024a0        0x0
                0x080024a0                __exidx_start = .
 *(.ARM.exidx*)
                0x080024a0                __exidx_end = .

.ARM.attributes
                0x00000000       0x29
 *(.ARM.attributes)
 .ARM.attributes
                0x00000000       0x1d /home/niklas/Downloads/gcc-arm-none-eabi-4_8-2014q3/bin/../lib/gcc/arm-none-eabi/4.8.4/armv7-m/crti.o
 .ARM.attributes
                0x0000001d       0x2d /home/niklas/Downloads/gcc-arm-none-eabi-4_8-2014q3/bin/../lib/gcc/arm-none-eabi/4.8.4/armv7-m/crtbegin.o
 .ARM.attributes
                0x0000004a       0x2d /home/niklas/Downloads/gcc-arm-none-eabi-4_8-2014q3/bin/../lib/gcc/arm-none-eabi/4.8.4/../../../../arm-none-eabi/lib/armv7-m/libc.a(lib_a-impure.o)
 .ARM.attributes
                0x00000077       0x2d /home/niklas/Downloads/gcc-arm-none-eabi-4_8-2014q3/bin/../lib/gcc/arm-none-eabi/4.8.4/../../../../arm-none-eabi/lib/armv7-m/libc.a(lib_a-memset.o)
 .ARM.attributes
                0x000000a4       0x2d /home/niklas/Downloads/gcc-arm-none-eabi-4_8-2014q3/bin/../lib/gcc/arm-none-eabi/4.8.4/../../../../arm-none-eabi/lib/armv7-m/libc.a(lib_a-__call_atexit.o)
 .ARM.attributes
                0x000000d1       0x2d /home/niklas/Downloads/gcc-arm-none-eabi-4_8-2014q3/bin/../lib/gcc/arm-none-eabi/4.8.4/../../../../arm-none-eabi/lib/armv7-m/libc.a(lib_a-atexit.o)
 .ARM.attributes
                0x000000fe       0x2d /home/niklas/Downloads/gcc-arm-none-eabi-4_8-2014q3/bin/../lib/gcc/arm-none-eabi/4.8.4/../../../../arm-none-eabi/lib/armv7-m/libc.a(lib_a-fini.o)
 .ARM.attributes
                0x0000012b       0x2d /home/niklas/Downloads/gcc-arm-none-eabi-4_8-2014q3/bin/../lib/gcc/arm-none-eabi/4.8.4/../../../../arm-none-eabi/lib/armv7-m/libc.a(lib_a-__atexit.o)
 .ARM.attributes
                0x00000158       0x2f /tmp/ccyBTnAm.o
 .ARM.attributes
                0x00000187       0x2f /tmp/ccprCjqw.o
 .ARM.attributes
                0x000001b6       0x2f /tmp/ccbBs8BW.o
 .ARM.attributes
                0x000001e5       0x2f /tmp/cc5IZASw.o
 .ARM.attributes
                0x00000214       0x2f /tmp/ccpcFpTj.o
 .ARM.attributes
                0x00000243       0x2f /tmp/cc8Xnr6L.o
 .ARM.attributes
                0x00000272       0x2f /tmp/cc2Lg6aV.o
 .ARM.attributes
                0x000002a1       0x2f /tmp/ccTZETip.o
 .ARM.attributes
                0x000002d0       0x2f /tmp/ccYyPLoh.o
 .ARM.attributes
                0x000002ff       0x2f /tmp/ccj2Ik1h.o
 .ARM.attributes
                0x0000032e       0x2f /tmp/cc7ntQvp.o
 .ARM.attributes
                0x0000035d       0x21 /tmp/ccDelmJw.o
 .ARM.attributes
                0x0000037e       0x2d /home/niklas/Downloads/gcc-arm-none-eabi-4_8-2014q3/bin/../lib/gcc/arm-none-eabi/4.8.4/../../../../arm-none-eabi/lib/armv7-m/libc.a(lib_a-puts.o)
 .ARM.attributes
                0x000003ab       0x2d /home/niklas/Downloads/gcc-arm-none-eabi-4_8-2014q3/bin/../lib/gcc/arm-none-eabi/4.8.4/../../../../arm-none-eabi/lib/armv7-m/libc.a(lib_a-strlen.o)
 .ARM.attributes
                0x000003d8       0x2d /home/niklas/Downloads/gcc-arm-none-eabi-4_8-2014q3/bin/../lib/gcc/arm-none-eabi/4.8.4/../../../../arm-none-eabi/lib/armv7-m/libc.a(lib_a-fvwrite.o)
 .ARM.attributes
                0x00000405       0x2d /home/niklas/Downloads/gcc-arm-none-eabi-4_8-2014q3/bin/../lib/gcc/arm-none-eabi/4.8.4/../../../../arm-none-eabi/lib/armv7-m/libc.a(lib_a-mallocr.o)
 .ARM.attributes
                0x00000432       0x2d /home/niklas/Downloads/gcc-arm-none-eabi-4_8-2014q3/bin/../lib/gcc/arm-none-eabi/4.8.4/../../../../arm-none-eabi/lib/armv7-m/libc.a(lib_a-memchr-stub.o)
 .ARM.attributes
                0x0000045f       0x1b /home/niklas/Downloads/gcc-arm-none-eabi-4_8-2014q3/bin/../lib/gcc/arm-none-eabi/4.8.4/../../../../arm-none-eabi/lib/armv7-m/libc.a(lib_a-memcpy.o)
 .ARM.attributes
                0x0000047a       0x2d /home/niklas/Downloads/gcc-arm-none-eabi-4_8-2014q3/bin/../lib/gcc/arm-none-eabi/4.8.4/../../../../arm-none-eabi/lib/armv7-m/libc.a(lib_a-memmove.o)
 .ARM.attributes
                0x000004a7       0x2d /home/niklas/Downloads/gcc-arm-none-eabi-4_8-2014q3/bin/../lib/gcc/arm-none-eabi/4.8.4/../../../../arm-none-eabi/lib/armv7-m/libc.a(lib_a-mlock.o)
 .ARM.attributes
                0x000004d4       0x2d /home/niklas/Downloads/gcc-arm-none-eabi-4_8-2014q3/bin/../lib/gcc/arm-none-eabi/4.8.4/../../../../arm-none-eabi/lib/armv7-m/libc.a(lib_a-reallocr.o)
 .ARM.attributes
                0x00000501       0x2d /home/niklas/Downloads/gcc-arm-none-eabi-4_8-2014q3/bin/../lib/gcc/arm-none-eabi/4.8.4/../../../../arm-none-eabi/lib/armv7-m/libc.a(lib_a-sbrkr.o)
 .ARM.attributes
                0x0000052e       0x2d /home/niklas/Downloads/gcc-arm-none-eabi-4_8-2014q3/bin/../lib/gcc/arm-none-eabi/4.8.4/../../../../arm-none-eabi/lib/armv7-m/libc.a(lib_a-wsetup.o)
 .ARM.attributes
                0x0000055b       0x2d /home/niklas/Downloads/gcc-arm-none-eabi-4_8-2014q3/bin/../lib/gcc/arm-none-eabi/4.8.4/../../../../arm-none-eabi/lib/armv7-m/libc.a(lib_a-fflush.o)
 .ARM.attributes
                0x00000588       0x2d /home/niklas/Downloads/gcc-arm-none-eabi-4_8-2014q3/bin/../lib/gcc/arm-none-eabi/4.8.4/../../../../arm-none-eabi/lib/armv7-m/libc.a(lib_a-findfp.o)
 .ARM.attributes
                0x000005b5       0x2d /home/niklas/Downloads/gcc-arm-none-eabi-4_8-2014q3/bin/../lib/gcc/arm-none-eabi/4.8.4/../../../../arm-none-eabi/lib/armv7-m/libc.a(lib_a-freer.o)
 .ARM.attributes
                0x000005e2       0x2d /home/niklas/Downloads/gcc-arm-none-eabi-4_8-2014q3/bin/../lib/gcc/arm-none-eabi/4.8.4/../../../../arm-none-eabi/lib/armv7-m/libc.a(lib_a-fwalk.o)
 .ARM.attributes
                0x0000060f       0x2d /home/niklas/Downloads/gcc-arm-none-eabi-4_8-2014q3/bin/../lib/gcc/arm-none-eabi/4.8.4/../../../../arm-none-eabi/lib/armv7-m/libc.a(lib_a-makebuf.o)
 .ARM.attributes
                0x0000063c       0x2d /home/niklas/Downloads/gcc-arm-none-eabi-4_8-2014q3/bin/../lib/gcc/arm-none-eabi/4.8.4/../../../../arm-none-eabi/lib/armv7-m/libc.a(lib_a-reent.o)
 .ARM.attributes
                0x00000669       0x2d /home/niklas/Downloads/gcc-arm-none-eabi-4_8-2014q3/bin/../lib/gcc/arm-none-eabi/4.8.4/../../../../arm-none-eabi/lib/armv7-m/libc.a(lib_a-stdio.o)
 .ARM.attributes
                0x00000696       0x2d /home/niklas/Downloads/gcc-arm-none-eabi-4_8-2014q3/bin/../lib/gcc/arm-none-eabi/4.8.4/../../../../arm-none-eabi/lib/armv7-m/libc.a(lib_a-writer.o)
 .ARM.attributes
                0x000006c3       0x2d /home/niklas/Downloads/gcc-arm-none-eabi-4_8-2014q3/bin/../lib/gcc/arm-none-eabi/4.8.4/../../../../arm-none-eabi/lib/armv7-m/libc.a(lib_a-closer.o)
 .ARM.attributes
                0x000006f0       0x2d /home/niklas/Downloads/gcc-arm-none-eabi-4_8-2014q3/bin/../lib/gcc/arm-none-eabi/4.8.4/../../../../arm-none-eabi/lib/armv7-m/libc.a(lib_a-fclose.o)
 .ARM.attributes
                0x0000071d       0x2d /home/niklas/Downloads/gcc-arm-none-eabi-4_8-2014q3/bin/../lib/gcc/arm-none-eabi/4.8.4/../../../../arm-none-eabi/lib/armv7-m/libc.a(lib_a-fstatr.o)
 .ARM.attributes
                0x0000074a       0x2d /home/niklas/Downloads/gcc-arm-none-eabi-4_8-2014q3/bin/../lib/gcc/arm-none-eabi/4.8.4/../../../../arm-none-eabi/lib/armv7-m/libc.a(lib_a-isattyr.o)
 .ARM.attributes
                0x00000777       0x2d /home/niklas/Downloads/gcc-arm-none-eabi-4_8-2014q3/bin/../lib/gcc/arm-none-eabi/4.8.4/../../../../arm-none-eabi/lib/armv7-m/libc.a(lib_a-lseekr.o)
 .ARM.attributes
                0x000007a4       0x2d /home/niklas/Downloads/gcc-arm-none-eabi-4_8-2014q3/bin/../lib/gcc/arm-none-eabi/4.8.4/../../../../arm-none-eabi/lib/armv7-m/libc.a(lib_a-readr.o)
 .ARM.attributes
                0x000007d1       0x1d /home/niklas/Downloads/gcc-arm-none-eabi-4_8-2014q3/bin/../lib/gcc/arm-none-eabi/4.8.4/armv7-m/crtn.o

.preinit_array  0x080024a0        0x0
                0x080024a0                PROVIDE (__preinit_array_start, .)
 *(.preinit_array*)
                0x080024a0                PROVIDE (__preinit_array_end, .)

.init_array     0x080024a0        0x8
                0x080024a0                PROVIDE (__init_array_start, .)
 *(SORT(.init_array.*))
 .init_array.00000
                0x080024a0        0x4 /home/niklas/Downloads/gcc-arm-none-eabi-4_8-2014q3/bin/../lib/gcc/arm-none-eabi/4.8.4/../../../../arm-none-eabi/lib/armv7-m/libc.a(lib_a-__call_atexit.o)
 *(.init_array*)
 .init_array    0x080024a4        0x4 /home/niklas/Downloads/gcc-arm-none-eabi-4_8-2014q3/bin/../lib/gcc/arm-none-eabi/4.8.4/armv7-m/crtbegin.o
                0x080024a8                PROVIDE (__init_array_end, .)

.fini_array     0x080024a8        0x4
                0x080024a8                PROVIDE (__fini_array_start, .)
 *(.fini_array*)
 .fini_array    0x080024a8        0x4 /home/niklas/Downloads/gcc-arm-none-eabi-4_8-2014q3/bin/../lib/gcc/arm-none-eabi/4.8.4/armv7-m/crtbegin.o
 *(SORT(.fini_array.*))
                0x080024ac                PROVIDE (__fini_array_end, .)
                0x080024ac                _sidata = .

.data           0x20000000      0x858 load address 0x080024ac
                0x20000000                . = ALIGN (0x4)
                0x20000000                _sdata = .
 *(.data)
 *(.data*)
 .data.impure_data
                0x20000000      0x428 /home/niklas/Downloads/gcc-arm-none-eabi-4_8-2014q3/bin/../lib/gcc/arm-none-eabi/4.8.4/../../../../arm-none-eabi/lib/armv7-m/libc.a(lib_a-impure.o)
 .data._impure_ptr
                0x20000428        0x4 /home/niklas/Downloads/gcc-arm-none-eabi-4_8-2014q3/bin/../lib/gcc/arm-none-eabi/4.8.4/../../../../arm-none-eabi/lib/armv7-m/libc.a(lib_a-impure.o)
                0x20000428                _impure_ptr
 .data.buffer_end
                0x2000042c        0x1 /tmp/ccpcFpTj.o
                0x2000042c                buffer_end
 .data.AHBPrescTable
                0x2000042d       0x10 /tmp/ccj2Ik1h.o
 .data.APBPrescTable
                0x2000043d        0x8 /tmp/ccj2Ik1h.o
 *fill*         0x20000445        0x3 
 .data.__malloc_av_
                0x20000448      0x408 /home/niklas/Downloads/gcc-arm-none-eabi-4_8-2014q3/bin/../lib/gcc/arm-none-eabi/4.8.4/../../../../arm-none-eabi/lib/armv7-m/libc.a(lib_a-mallocr.o)
                0x20000448                __malloc_av_
 .data.__malloc_trim_threshold
                0x20000850        0x4 /home/niklas/Downloads/gcc-arm-none-eabi-4_8-2014q3/bin/../lib/gcc/arm-none-eabi/4.8.4/../../../../arm-none-eabi/lib/armv7-m/libc.a(lib_a-mallocr.o)
                0x20000850                __malloc_trim_threshold
 .data.__malloc_sbrk_base
                0x20000854        0x4 /home/niklas/Downloads/gcc-arm-none-eabi-4_8-2014q3/bin/../lib/gcc/arm-none-eabi/4.8.4/../../../../arm-none-eabi/lib/armv7-m/libc.a(lib_a-mallocr.o)
                0x20000854                __malloc_sbrk_base
                0x20000858                . = ALIGN (0x4)
                0x20000858                _edata = .

.jcr            0x20000858        0x0 load address 0x08002d04
 .jcr           0x20000858        0x0 /home/niklas/Downloads/gcc-arm-none-eabi-4_8-2014q3/bin/../lib/gcc/arm-none-eabi/4.8.4/armv7-m/crtbegin.o

.igot.plt       0x20000858        0x0 load address 0x08002d04
 .igot.plt      0x00000000        0x0 /home/niklas/Downloads/gcc-arm-none-eabi-4_8-2014q3/bin/../lib/gcc/arm-none-eabi/4.8.4/armv7-m/crtbegin.o
                0x20000858                . = ALIGN (0x4)

.bss            0x20000858       0xa4 load address 0x08002d04
                0x20000858                _sbss = .
                0x20000858                __bss_start__ = _sbss
 *(.bss)
 .bss           0x20000858       0x1c /home/niklas/Downloads/gcc-arm-none-eabi-4_8-2014q3/bin/../lib/gcc/arm-none-eabi/4.8.4/armv7-m/crtbegin.o
 *(.bss*)
 .bss.buffer_start
                0x20000874        0x1 /tmp/ccpcFpTj.o
                0x20000874                buffer_start
 *fill*         0x20000875        0x3 
 .bss.__malloc_max_total_mem
                0x20000878        0x4 /home/niklas/Downloads/gcc-arm-none-eabi-4_8-2014q3/bin/../lib/gcc/arm-none-eabi/4.8.4/../../../../arm-none-eabi/lib/armv7-m/libc.a(lib_a-mallocr.o)
                0x20000878                __malloc_max_total_mem
 .bss.__malloc_max_sbrked_mem
                0x2000087c        0x4 /home/niklas/Downloads/gcc-arm-none-eabi-4_8-2014q3/bin/../lib/gcc/arm-none-eabi/4.8.4/../../../../arm-none-eabi/lib/armv7-m/libc.a(lib_a-mallocr.o)
                0x2000087c                __malloc_max_sbrked_mem
 .bss.__malloc_top_pad
                0x20000880        0x4 /home/niklas/Downloads/gcc-arm-none-eabi-4_8-2014q3/bin/../lib/gcc/arm-none-eabi/4.8.4/../../../../arm-none-eabi/lib/armv7-m/libc.a(lib_a-mallocr.o)
                0x20000880                __malloc_top_pad
 .bss.__malloc_current_mallinfo
                0x20000884       0x28 /home/niklas/Downloads/gcc-arm-none-eabi-4_8-2014q3/bin/../lib/gcc/arm-none-eabi/4.8.4/../../../../arm-none-eabi/lib/armv7-m/libc.a(lib_a-mallocr.o)
                0x20000884                __malloc_current_mallinfo
 *(COMMON)
 COMMON         0x200008ac        0x8 /tmp/ccyBTnAm.o
                0x200008ac                globalticks
                0x200008b0                lastticks
 COMMON         0x200008b4       0x40 /tmp/ccpcFpTj.o
                0x200008b4                buffer
 COMMON         0x200008f4        0x4 /tmp/cc8Xnr6L.o
                0x200008f4                liberror
 COMMON         0x200008f8        0x4 /home/niklas/Downloads/gcc-arm-none-eabi-4_8-2014q3/bin/../lib/gcc/arm-none-eabi/4.8.4/../../../../arm-none-eabi/lib/armv7-m/libc.a(lib_a-reent.o)
                0x200008f8                errno
                0x200008fc                . = ALIGN (0x4)
                0x200008fc                _ebss = .
                0x200008fc                __bss_end__ = _ebss
                0x200008fc                PROVIDE (end, _ebss)
                0x200008fc                PROVIDE (_end, _ebss)

._user_heap_stack
                0x200008fc      0x800 load address 0x08002da8
                0x200008fc                . = ALIGN (0x4)
                0x20000cfc                . = (. + _Min_Heap_Size)
 *fill*         0x200008fc      0x400 
                0x200010fc                . = (. + _Min_Stack_Size)
 *fill*         0x20000cfc      0x400 
                0x200010fc                . = ALIGN (0x4)

.memory_b1_text
 *(.mb1text)
 *(.mb1text*)
 *(.mb1rodata)
 *(.mb1rodata*)

/DISCARD/
 libc.a(*)
 libm.a(*)
 libgcc.a(*)
LOAD /tmp/ccyBTnAm.o
LOAD /tmp/ccprCjqw.o
LOAD /tmp/ccuiKJcK.o
LOAD /tmp/ccbBs8BW.o
LOAD /tmp/ccwalz7c.o
LOAD /tmp/cc5IZASw.o
LOAD /tmp/cccTkrLV.o
LOAD /tmp/ccpcFpTj.o
LOAD /tmp/cc8Xnr6L.o
LOAD /tmp/ccVxblok.o
LOAD /tmp/cc2Lg6aV.o
LOAD /tmp/ccLxjSou.o
LOAD /tmp/ccgeFXF8.o
LOAD /tmp/ccb4CTdP.o
LOAD /tmp/ccobNPRB.o
LOAD /tmp/ccTZETip.o
LOAD /tmp/ccYyPLoh.o
LOAD /tmp/ccj2Ik1h.o
LOAD /tmp/ccjGIV1h.o
LOAD /tmp/cc7ntQvp.o
LOAD /tmp/ccDelmJw.o
LOAD /home/niklas/Downloads/gcc-arm-none-eabi-4_8-2014q3/bin/../lib/gcc/arm-none-eabi/4.8.4/../../../../arm-none-eabi/lib/armv7-m/libm.a
LOAD /home/niklas/Downloads/gcc-arm-none-eabi-4_8-2014q3/bin/../lib/gcc/arm-none-eabi/4.8.4/../../../../arm-none-eabi/lib/armv7-m/libnosys.a
START GROUP
LOAD /home/niklas/Downloads/gcc-arm-none-eabi-4_8-2014q3/bin/../lib/gcc/arm-none-eabi/4.8.4/armv7-m/libgcc.a
LOAD /home/niklas/Downloads/gcc-arm-none-eabi-4_8-2014q3/bin/../lib/gcc/arm-none-eabi/4.8.4/../../../../arm-none-eabi/lib/armv7-m/libc.a
END GROUP
LOAD /home/niklas/Downloads/gcc-arm-none-eabi-4_8-2014q3/bin/../lib/gcc/arm-none-eabi/4.8.4/armv7-m/crtend.o
LOAD /home/niklas/Downloads/gcc-arm-none-eabi-4_8-2014q3/bin/../lib/gcc/arm-none-eabi/4.8.4/armv7-m/crtn.o
OUTPUT(sideboard.elf elf32-littlearm)

.comment        0x00000000       0x70
 .comment       0x00000000       0x70 /tmp/ccyBTnAm.o
                                 0x71 (size before relaxing)
 .comment       0x00000000       0x71 /tmp/ccprCjqw.o
 .comment       0x00000000       0x71 /tmp/ccbBs8BW.o
 .comment       0x00000000       0x71 /tmp/cc5IZASw.o
 .comment       0x00000000       0x71 /tmp/ccpcFpTj.o
 .comment       0x00000000       0x71 /tmp/cc8Xnr6L.o
 .comment       0x00000000       0x71 /tmp/cc2Lg6aV.o
 .comment       0x00000000       0x71 /tmp/ccTZETip.o
 .comment       0x00000000       0x71 /tmp/ccYyPLoh.o
 .comment       0x00000000       0x71 /tmp/ccj2Ik1h.o
 .comment       0x00000000       0x71 /tmp/cc7ntQvp.o

.debug_frame    0x00000000      0x634
 .debug_frame   0x00000000       0x40 /home/niklas/Downloads/gcc-arm-none-eabi-4_8-2014q3/bin/../lib/gcc/arm-none-eabi/4.8.4/../../../../arm-none-eabi/lib/armv7-m/libc.a(lib_a-puts.o)
 .debug_frame   0x00000040       0x20 /home/niklas/Downloads/gcc-arm-none-eabi-4_8-2014q3/bin/../lib/gcc/arm-none-eabi/4.8.4/../../../../arm-none-eabi/lib/armv7-m/libc.a(lib_a-strlen.o)
 .debug_frame   0x00000060       0x38 /home/niklas/Downloads/gcc-arm-none-eabi-4_8-2014q3/bin/../lib/gcc/arm-none-eabi/4.8.4/../../../../arm-none-eabi/lib/armv7-m/libc.a(lib_a-fvwrite.o)
 .debug_frame   0x00000098       0x38 /home/niklas/Downloads/gcc-arm-none-eabi-4_8-2014q3/bin/../lib/gcc/arm-none-eabi/4.8.4/../../../../arm-none-eabi/lib/armv7-m/libc.a(lib_a-mallocr.o)
 .debug_frame   0x000000d0       0x2c /home/niklas/Downloads/gcc-arm-none-eabi-4_8-2014q3/bin/../lib/gcc/arm-none-eabi/4.8.4/../../../../arm-none-eabi/lib/armv7-m/libc.a(lib_a-memchr-stub.o)
 .debug_frame   0x000000fc       0x2c /home/niklas/Downloads/gcc-arm-none-eabi-4_8-2014q3/bin/../lib/gcc/arm-none-eabi/4.8.4/../../../../arm-none-eabi/lib/armv7-m/libc.a(lib_a-memmove.o)
 .debug_frame   0x00000128       0x30 /home/niklas/Downloads/gcc-arm-none-eabi-4_8-2014q3/bin/../lib/gcc/arm-none-eabi/4.8.4/../../../../arm-none-eabi/lib/armv7-m/libc.a(lib_a-mlock.o)
 .debug_frame   0x00000158       0x38 /home/niklas/Downloads/gcc-arm-none-eabi-4_8-2014q3/bin/../lib/gcc/arm-none-eabi/4.8.4/../../../../arm-none-eabi/lib/armv7-m/libc.a(lib_a-reallocr.o)
 .debug_frame   0x00000190       0x2c /home/niklas/Downloads/gcc-arm-none-eabi-4_8-2014q3/bin/../lib/gcc/arm-none-eabi/4.8.4/../../../../arm-none-eabi/lib/armv7-m/libc.a(lib_a-sbrkr.o)
 .debug_frame   0x000001bc       0x2c /home/niklas/Downloads/gcc-arm-none-eabi-4_8-2014q3/bin/../lib/gcc/arm-none-eabi/4.8.4/../../../../arm-none-eabi/lib/armv7-m/libc.a(lib_a-wsetup.o)
 .debug_frame   0x000001e8       0x5c /home/niklas/Downloads/gcc-arm-none-eabi-4_8-2014q3/bin/../lib/gcc/arm-none-eabi/4.8.4/../../../../arm-none-eabi/lib/armv7-m/libc.a(lib_a-fflush.o)
 .debug_frame   0x00000244      0x110 /home/niklas/Downloads/gcc-arm-none-eabi-4_8-2014q3/bin/../lib/gcc/arm-none-eabi/4.8.4/../../../../arm-none-eabi/lib/armv7-m/libc.a(lib_a-findfp.o)
 .debug_frame   0x00000354       0x50 /home/niklas/Downloads/gcc-arm-none-eabi-4_8-2014q3/bin/../lib/gcc/arm-none-eabi/4.8.4/../../../../arm-none-eabi/lib/armv7-m/libc.a(lib_a-freer.o)
 .debug_frame   0x000003a4       0x54 /home/niklas/Downloads/gcc-arm-none-eabi-4_8-2014q3/bin/../lib/gcc/arm-none-eabi/4.8.4/../../../../arm-none-eabi/lib/armv7-m/libc.a(lib_a-fwalk.o)
 .debug_frame   0x000003f8       0x30 /home/niklas/Downloads/gcc-arm-none-eabi-4_8-2014q3/bin/../lib/gcc/arm-none-eabi/4.8.4/../../../../arm-none-eabi/lib/armv7-m/libc.a(lib_a-makebuf.o)
 .debug_frame   0x00000428       0x48 /home/niklas/Downloads/gcc-arm-none-eabi-4_8-2014q3/bin/../lib/gcc/arm-none-eabi/4.8.4/../../../../arm-none-eabi/lib/armv7-m/libc.a(lib_a-reent.o)
 .debug_frame   0x00000470       0x80 /home/niklas/Downloads/gcc-arm-none-eabi-4_8-2014q3/bin/../lib/gcc/arm-none-eabi/4.8.4/../../../../arm-none-eabi/lib/armv7-m/libc.a(lib_a-stdio.o)
 .debug_frame   0x000004f0       0x2c /home/niklas/Downloads/gcc-arm-none-eabi-4_8-2014q3/bin/../lib/gcc/arm-none-eabi/4.8.4/../../../../arm-none-eabi/lib/armv7-m/libc.a(lib_a-writer.o)
 .debug_frame   0x0000051c       0x2c /home/niklas/Downloads/gcc-arm-none-eabi-4_8-2014q3/bin/../lib/gcc/arm-none-eabi/4.8.4/../../../../arm-none-eabi/lib/armv7-m/libc.a(lib_a-closer.o)
 .debug_frame   0x00000548       0x3c /home/niklas/Downloads/gcc-arm-none-eabi-4_8-2014q3/bin/../lib/gcc/arm-none-eabi/4.8.4/../../../../arm-none-eabi/lib/armv7-m/libc.a(lib_a-fclose.o)
 .debug_frame   0x00000584       0x2c /home/niklas/Downloads/gcc-arm-none-eabi-4_8-2014q3/bin/../lib/gcc/arm-none-eabi/4.8.4/../../../../arm-none-eabi/lib/armv7-m/libc.a(lib_a-fstatr.o)
 .debug_frame   0x000005b0       0x2c /home/niklas/Downloads/gcc-arm-none-eabi-4_8-2014q3/bin/../lib/gcc/arm-none-eabi/4.8.4/../../../../arm-none-eabi/lib/armv7-m/libc.a(lib_a-isattyr.o)
 .debug_frame   0x000005dc       0x2c /home/niklas/Downloads/gcc-arm-none-eabi-4_8-2014q3/bin/../lib/gcc/arm-none-eabi/4.8.4/../../../../arm-none-eabi/lib/armv7-m/libc.a(lib_a-lseekr.o)
 .debug_frame   0x00000608       0x2c /home/niklas/Downloads/gcc-arm-none-eabi-4_8-2014q3/bin/../lib/gcc/arm-none-eabi/4.8.4/../../../../arm-none-eabi/lib/armv7-m/libc.a(lib_a-readr.o)
