Archive member included because of file (symbol)

/home/niklas/Downloads/gcc-arm-none-eabi-4_8-2014q3/bin/../lib/gcc/arm-none-eabi/4.8.4/../../../../arm-none-eabi/lib/armv7-m/libc_s.a(lib_a-errno.o)
                              build/syscalls.o (__errno)
/home/niklas/Downloads/gcc-arm-none-eabi-4_8-2014q3/bin/../lib/gcc/arm-none-eabi/4.8.4/../../../../arm-none-eabi/lib/armv7-m/libc_s.a(lib_a-exit.o)
                              /home/niklas/Downloads/gcc-arm-none-eabi-4_8-2014q3/bin/../lib/gcc/arm-none-eabi/4.8.4/../../../../arm-none-eabi/lib/armv7-m/crt0.o (exit)
/home/niklas/Downloads/gcc-arm-none-eabi-4_8-2014q3/bin/../lib/gcc/arm-none-eabi/4.8.4/../../../../arm-none-eabi/lib/armv7-m/libc_s.a(lib_a-impure.o)
                              /home/niklas/Downloads/gcc-arm-none-eabi-4_8-2014q3/bin/../lib/gcc/arm-none-eabi/4.8.4/../../../../arm-none-eabi/lib/armv7-m/libc_s.a(lib_a-exit.o) (_global_impure_ptr)
/home/niklas/Downloads/gcc-arm-none-eabi-4_8-2014q3/bin/../lib/gcc/arm-none-eabi/4.8.4/../../../../arm-none-eabi/lib/armv7-m/libc_s.a(lib_a-init.o)
                              /home/niklas/Downloads/gcc-arm-none-eabi-4_8-2014q3/bin/../lib/gcc/arm-none-eabi/4.8.4/../../../../arm-none-eabi/lib/armv7-m/crt0.o (__libc_init_array)
/home/niklas/Downloads/gcc-arm-none-eabi-4_8-2014q3/bin/../lib/gcc/arm-none-eabi/4.8.4/../../../../arm-none-eabi/lib/armv7-m/libc_s.a(lib_a-memset.o)
                              /home/niklas/Downloads/gcc-arm-none-eabi-4_8-2014q3/bin/../lib/gcc/arm-none-eabi/4.8.4/../../../../arm-none-eabi/lib/armv7-m/crt0.o (memset)
/home/niklas/Downloads/gcc-arm-none-eabi-4_8-2014q3/bin/../lib/gcc/arm-none-eabi/4.8.4/../../../../arm-none-eabi/lib/armv7-m/libc_s.a(lib_a-printf.o)
                              build/main.o (printf)
/home/niklas/Downloads/gcc-arm-none-eabi-4_8-2014q3/bin/../lib/gcc/arm-none-eabi/4.8.4/../../../../arm-none-eabi/lib/armv7-m/libc_s.a(lib_a-vfprintf.o)
                              /home/niklas/Downloads/gcc-arm-none-eabi-4_8-2014q3/bin/../lib/gcc/arm-none-eabi/4.8.4/../../../../arm-none-eabi/lib/armv7-m/libc_s.a(lib_a-printf.o) (_vfprintf_r)
/home/niklas/Downloads/gcc-arm-none-eabi-4_8-2014q3/bin/../lib/gcc/arm-none-eabi/4.8.4/../../../../arm-none-eabi/lib/armv7-m/libc_s.a(lib_a-vfprintf_i.o)
                              /home/niklas/Downloads/gcc-arm-none-eabi-4_8-2014q3/bin/../lib/gcc/arm-none-eabi/4.8.4/../../../../arm-none-eabi/lib/armv7-m/libc_s.a(lib_a-vfprintf.o) (_printf_i)
/home/niklas/Downloads/gcc-arm-none-eabi-4_8-2014q3/bin/../lib/gcc/arm-none-eabi/4.8.4/../../../../arm-none-eabi/lib/armv7-m/libc_s.a(lib_a-wbuf.o)
                              /home/niklas/Downloads/gcc-arm-none-eabi-4_8-2014q3/bin/../lib/gcc/arm-none-eabi/4.8.4/../../../../arm-none-eabi/lib/armv7-m/libc_s.a(lib_a-vfprintf.o) (__swbuf_r)
/home/niklas/Downloads/gcc-arm-none-eabi-4_8-2014q3/bin/../lib/gcc/arm-none-eabi/4.8.4/../../../../arm-none-eabi/lib/armv7-m/libc_s.a(lib_a-wsetup.o)
                              /home/niklas/Downloads/gcc-arm-none-eabi-4_8-2014q3/bin/../lib/gcc/arm-none-eabi/4.8.4/../../../../arm-none-eabi/lib/armv7-m/libc_s.a(lib_a-vfprintf.o) (__swsetup_r)
/home/niklas/Downloads/gcc-arm-none-eabi-4_8-2014q3/bin/../lib/gcc/arm-none-eabi/4.8.4/../../../../arm-none-eabi/lib/armv7-m/libc_s.a(lib_a-fflush.o)
                              /home/niklas/Downloads/gcc-arm-none-eabi-4_8-2014q3/bin/../lib/gcc/arm-none-eabi/4.8.4/../../../../arm-none-eabi/lib/armv7-m/libc_s.a(lib_a-wbuf.o) (_fflush_r)
/home/niklas/Downloads/gcc-arm-none-eabi-4_8-2014q3/bin/../lib/gcc/arm-none-eabi/4.8.4/../../../../arm-none-eabi/lib/armv7-m/libc_s.a(lib_a-findfp.o)
                              /home/niklas/Downloads/gcc-arm-none-eabi-4_8-2014q3/bin/../lib/gcc/arm-none-eabi/4.8.4/../../../../arm-none-eabi/lib/armv7-m/libc_s.a(lib_a-printf.o) (__sinit)
/home/niklas/Downloads/gcc-arm-none-eabi-4_8-2014q3/bin/../lib/gcc/arm-none-eabi/4.8.4/../../../../arm-none-eabi/lib/armv7-m/libc_s.a(lib_a-fvwrite.o)
                              /home/niklas/Downloads/gcc-arm-none-eabi-4_8-2014q3/bin/../lib/gcc/arm-none-eabi/4.8.4/../../../../arm-none-eabi/lib/armv7-m/libc_s.a(lib_a-vfprintf.o) (__sfvwrite_r)
/home/niklas/Downloads/gcc-arm-none-eabi-4_8-2014q3/bin/../lib/gcc/arm-none-eabi/4.8.4/../../../../arm-none-eabi/lib/armv7-m/libc_s.a(lib_a-fwalk.o)
                              /home/niklas/Downloads/gcc-arm-none-eabi-4_8-2014q3/bin/../lib/gcc/arm-none-eabi/4.8.4/../../../../arm-none-eabi/lib/armv7-m/libc_s.a(lib_a-findfp.o) (_fwalk)
/home/niklas/Downloads/gcc-arm-none-eabi-4_8-2014q3/bin/../lib/gcc/arm-none-eabi/4.8.4/../../../../arm-none-eabi/lib/armv7-m/libc_s.a(lib_a-makebuf.o)
                              /home/niklas/Downloads/gcc-arm-none-eabi-4_8-2014q3/bin/../lib/gcc/arm-none-eabi/4.8.4/../../../../arm-none-eabi/lib/armv7-m/libc_s.a(lib_a-wsetup.o) (__smakebuf_r)
[...]
Memory Configuration

Name             Origin             Length             Attributes
FLASH            0x08000000         0x00008000         xr
RAM              0x20000000         0x00001000         xrw
MEMORY_B1        0x60000000         0x00000000         xr
*default*        0x00000000         0xffffffff

Linker script and memory map

LOAD /home/niklas/Downloads/gcc-arm-none-eabi-4_8-2014q3/bin/../lib/gcc/arm-none-eabi/4.8.4/armv7-m/crti.o
LOAD /home/niklas/Downloads/gcc-arm-none-eabi-4_8-2014q3/bin/../lib/gcc/arm-none-eabi/4.8.4/armv7-m/crtbegin.o
LOAD /home/niklas/Downloads/gcc-arm-none-eabi-4_8-2014q3/bin/../lib/gcc/arm-none-eabi/4.8.4/../../../../arm-none-eabi/lib/armv7-m/crt0.o
LOAD build/drv_time.o
LOAD build/drv_clk.o
LOAD build/syscalls.o
LOAD build/drv_fmc1.o
LOAD build/drv_gpio.o
LOAD build/drv_softi2c.o
LOAD build/main.o
LOAD build/util.o
LOAD build/drv_serial.o
LOAD build/drv_i2c.o
LOAD build/sixaxis.o
LOAD build/system_gd32f1x0.o
LOAD build/core_cm3.o
LOAD build/gd32f1x0_adc.o
LOAD build/gd32f1x0_dma.o
LOAD build/gd32f1x0_fmc.o
LOAD build/gd32f1x0_gpio.o
LOAD build/gd32f1x0_i2c.o
LOAD build/gd32f1x0_rcc.o
LOAD build/gd32f1x0_timer.o
LOAD build/gd32f1x0_usart.o
LOAD build/startup.o
LOAD /home/niklas/Downloads/gcc-arm-none-eabi-4_8-2014q3/bin/../lib/gcc/arm-none-eabi/4.8.4/../../../../arm-none-eabi/lib/armv7-m/libc_s.a
LOAD /home/niklas/Downloads/gcc-arm-none-eabi-4_8-2014q3/bin/../lib/gcc/arm-none-eabi/4.8.4/../../../../arm-none-eabi/lib/armv7-m/libm.a
LOAD /home/niklas/Downloads/gcc-arm-none-eabi-4_8-2014q3/bin/../lib/gcc/arm-none-eabi/4.8.4/../../../../arm-none-eabi/lib/armv7-m/libnosys.a
START GROUP
LOAD /home/niklas/Downloads/gcc-arm-none-eabi-4_8-2014q3/bin/../lib/gcc/arm-none-eabi/4.8.4/armv7-m/libgcc.a
LOAD /home/niklas/Downloads/gcc-arm-none-eabi-4_8-2014q3/bin/../lib/gcc/arm-none-eabi/4.8.4/../../../../arm-none-eabi/lib/armv7-m/libc_s.a
END GROUP
START GROUP
LOAD /home/niklas/Downloads/gcc-arm-none-eabi-4_8-2014q3/bin/../lib/gcc/arm-none-eabi/4.8.4/armv7-m/libgcc.a
LOAD /home/niklas/Downloads/gcc-arm-none-eabi-4_8-2014q3/bin/../lib/gcc/arm-none-eabi/4.8.4/../../../../arm-none-eabi/lib/armv7-m/libc_s.a
END GROUP
LOAD /home/niklas/Downloads/gcc-arm-none-eabi-4_8-2014q3/bin/../lib/gcc/arm-none-eabi/4.8.4/armv7-m/crtend.o
LOAD /home/niklas/Downloads/gcc-arm-none-eabi-4_8-2014q3/bin/../lib/gcc/arm-none-eabi/4.8.4/armv7-m/crtn.o
                0x20000400                _estack = 0x20000400
                0x00000400                _Min_Heap_Size = 0x400
                0x00000400                _Min_Stack_Size = 0x400

.isr_vector     0x08000000      0x110
                0x08000000                . = ALIGN (0x4)
 *(.isr_vector)
 .isr_vector    0x08000000      0x110 build/startup.o
                0x08000000                g_pfnVectors
                0x08000110                . = ALIGN (0x4)

.eh_frame       0x08000110        0x0
 .eh_frame      0x08000110        0x0 /home/niklas/Downloads/gcc-arm-none-eabi-4_8-2014q3/bin/../lib/gcc/arm-none-eabi/4.8.4/armv7-m/crtbegin.o

.text           0x08000110     0x3ab0
                0x08000110                . = ALIGN (0x4)
 *(.text)
 .text          0x08000110       0x54 /home/niklas/Downloads/gcc-arm-none-eabi-4_8-2014q3/bin/../lib/gcc/arm-none-eabi/4.8.4/armv7-m/crtbegin.o
 .text          0x08000164      0x370 /home/niklas/Downloads/gcc-arm-none-eabi-4_8-2014q3/bin/../lib/gcc/arm-none-eabi/4.8.4/armv7-m/libgcc.a(_arm_addsubdf3.o)
                0x08000164                __aeabi_drsub
                0x0800016c                __aeabi_dsub
                0x0800016c                __subdf3
                0x08000170                __adddf3
                0x08000170                __aeabi_dadd
                0x080003e8                __aeabi_ui2d
                0x080003e8                __floatunsidf
                0x08000408                __floatsidf
                0x08000408                __aeabi_i2d
                0x0800042c                __extendsfdf2
                0x0800042c                __aeabi_f2d
                0x08000468                __aeabi_ul2d
                0x08000468                __floatundidf
                0x08000478                __floatdidf
                0x08000478                __aeabi_l2d
 .text          0x080004d4      0x424 /home/niklas/Downloads/gcc-arm-none-eabi-4_8-2014q3/bin/../lib/gcc/arm-none-eabi/4.8.4/armv7-m/libgcc.a(_arm_muldivdf3.o)
                0x080004d4                __aeabi_dmul
                0x080004d4                __muldf3
                0x08000728                __aeabi_ddiv
                0x08000728                __divdf3
 .text          0x080008f8      0x110 /home/niklas/Downloads/gcc-arm-none-eabi-4_8-2014q3/bin/../lib/gcc/arm-none-eabi/4.8.4/armv7-m/libgcc.a(_arm_cmpdf2.o)
                0x080008f8                __gtdf2
                0x080008f8                __gedf2
                0x08000900                __ltdf2
                0x08000900                __ledf2
                0x08000908                __cmpdf2
                0x08000908                __eqdf2
                0x08000908                __nedf2
                0x08000984                __aeabi_cdrcmple
                0x08000994                __aeabi_cdcmple
                0x08000994                __aeabi_cdcmpeq
                0x080009a4                __aeabi_dcmpeq
                0x080009b8                __aeabi_dcmplt
                0x080009cc                __aeabi_dcmple
                0x080009e0                __aeabi_dcmpge
                0x080009f4                __aeabi_dcmpgt
 .text          0x08000a08       0xa0 /home/niklas/Downloads/gcc-arm-none-eabi-4_8-2014q3/bin/../lib/gcc/arm-none-eabi/4.8.4/armv7-m/libgcc.a(_arm_truncdfsf2.o)
                0x08000a08                __aeabi_d2f
                0x08000a08                __truncdfsf2
 .text          0x08000aa8      0x21c /home/niklas/Downloads/gcc-arm-none-eabi-4_8-2014q3/bin/../lib/gcc/arm-none-eabi/4.8.4/armv7-m/libgcc.a(_arm_addsubsf3.o)
                0x08000aa8                __aeabi_frsub
                0x08000ab0                __subsf3
                0x08000ab0                __aeabi_fsub
                0x08000ab4                __aeabi_fadd
                0x08000ab4                __addsf3
                0x08000c14                __aeabi_ui2f
                0x08000c14                __floatunsisf
                0x08000c1c                __aeabi_i2f
                0x08000c1c                __floatsisf
                0x08000c38                __floatundisf
                0x08000c38                __aeabi_ul2f
                0x08000c48                __floatdisf
                0x08000c48                __aeabi_l2f
 .text          0x08000cc4      0x2a0 /home/niklas/Downloads/gcc-arm-none-eabi-4_8-2014q3/bin/../lib/gcc/arm-none-eabi/4.8.4/armv7-m/libgcc.a(_arm_muldivsf3.o)
                0x08000cc4                __mulsf3
                0x08000cc4                __aeabi_fmul
                0x08000e2c                __divsf3
                0x08000e2c                __aeabi_fdiv
 .text          0x08000f64       0xec /home/niklas/Downloads/gcc-arm-none-eabi-4_8-2014q3/bin/../lib/gcc/arm-none-eabi/4.8.4/armv7-m/libgcc.a(_arm_cmpsf2.o)
                0x08000f64                __gtsf2
                0x08000f64                __gesf2
                0x08000f6c                __lesf2
                0x08000f6c                __ltsf2
                0x08000f74                __nesf2
                0x08000f74                __eqsf2
                0x08000f74                __cmpsf2
                0x08000fd4                __aeabi_cfrcmple
                0x08000fdc                __aeabi_cfcmple
                0x08000fdc                __aeabi_cfcmpeq
                0x08000fec                __aeabi_fcmpeq
                0x08001000                __aeabi_fcmplt
                0x08001014                __aeabi_fcmple
                0x08001028                __aeabi_fcmpge
                0x0800103c                __aeabi_fcmpgt
 *(.text*)
 .text.SysTick_Handler
                0x08001050        0x4 build/drv_time.o
                0x08001050                SysTick_Handler
 .text.time_init
                0x08001054       0x24 build/drv_time.o
                0x08001054                time_init
 .text.time_update
                0x08001078       0x3c build/drv_time.o
                0x08001078                time_update
 .text.gettime  0x080010b4        0x8 build/drv_time.o
                0x080010b4                gettime
 .text.delay    0x080010bc       0x14 build/drv_time.o
                0x080010bc                delay
 .text.clk_init
                0x080010d0       0x68 build/drv_clk.o
                0x080010d0                clk_init
 .text._read    0x08001138       0x20 build/syscalls.o
                0x08001138                _read
 .text._write   0x08001158       0x1c build/syscalls.o
                0x08001158                _write
 .text._sbrk    0x08001174       0x38 build/syscalls.o
                0x08001174                _sbrk
 .text._close   0x080011ac        0x8 build/syscalls.o
                0x080011ac                _close
 .text._fstat   0x080011b4        0xc build/syscalls.o
                0x080011b4                _fstat
 .text._isatty  0x080011c0        0x4 build/syscalls.o
                0x080011c0                _isatty
 .text._lseek   0x080011c4        0x4 build/syscalls.o
                0x080011c4                _lseek
 .text.gpio_init
                0x080011c8       0xb8 build/drv_gpio.o
                0x080011c8                gpio_init
 .text.main     0x08001280      0x158 build/main.o
                0x08001280                main
 .text.HardFault_Handler
                0x080013d8        0x4 build/main.o
                0x080013d8                HardFault_Handler
 .text.MemManage_Handler
                0x080013dc        0x4 build/main.o
                0x080013dc                MemManage_Handler
 .text.BusFault_Handler
                0x080013e0        0x4 build/main.o
                0x080013e0                BusFault_Handler
 .text.UsageFault_Handler
                0x080013e4        0x4 build/main.o
                0x080013e4                UsageFault_Handler
 .text.waitForTxReady
                0x080013e8       0x20 build/drv_serial.o
                0x080013e8                waitForTxReady
 .text.USART2_IRQHandler
                0x08001408       0x1c build/drv_serial.o
                0x08001408                USART2_IRQHandler
 .text.serial_init
                0x08001424       0x90 build/drv_serial.o
                0x08001424                serial_init
 .text.i2c_init
                0x080014b4      0x170 build/drv_i2c.o
                0x080014b4                i2c_init
 .text.i2c_sendheader
                0x08001624       0x9c build/drv_i2c.o
                0x08001624                i2c_sendheader
 .text.i2c_writereg
                0x080016c0       0x88 build/drv_i2c.o
                0x080016c0                i2c_writereg
 .text.i2c_readreg
                0x08001748      0x108 build/drv_i2c.o
                0x08001748                i2c_readreg
 .text.i2c_readdata
                0x08001850      0x154 build/drv_i2c.o
                0x08001850                i2c_readdata
 .text.sixaxis_init
                0x080019a4       0x74 build/sixaxis.o
                0x080019a4                sixaxis_init
 .text.sixaxis_check
                0x08001a18       0x14 build/sixaxis.o
                0x08001a18                sixaxis_check
 *fill*         0x08001a2c        0x4 
 .text.gyro_read
                0x08001a30      0x388 build/sixaxis.o
                0x08001a30                gyro_read
 .text.Set_SysClockTo48
                0x08001db8       0xa8 build/system_gd32f1x0.o
 .text.Set_SysClock
                0x08001e60        0x8 build/system_gd32f1x0.o
 .text.System_Init
                0x08001e68       0x64 build/system_gd32f1x0.o
                0x08001e68                System_Init
 .text.GPIO_Init
                0x08001ecc       0x94 build/gd32f1x0_gpio.o
                0x08001ecc                GPIO_Init
 .text.GPIO_ReadInputBit
                0x08001f60       0x10 build/gd32f1x0_gpio.o
                0x08001f60                GPIO_ReadInputBit
 .text.GPIO_WriteBit
                0x08001f70        0xc build/gd32f1x0_gpio.o
                0x08001f70                GPIO_WriteBit
 .text.GPIO_PinAFConfig
                0x08001f7c       0x30 build/gd32f1x0_gpio.o
                0x08001f7c                GPIO_PinAFConfig
 .text.I2C_Init
                0x08001fac       0xe0 build/gd32f1x0_i2c.o
                0x08001fac                I2C_Init
 .text.I2C_Enable
                0x0800208c       0x1c build/gd32f1x0_i2c.o
                0x0800208c                I2C_Enable
 .text.I2C_StartOnBus_Enable
                0x080020a8       0x1c build/gd32f1x0_i2c.o
                0x080020a8                I2C_StartOnBus_Enable
 .text.I2C_StopOnBus_Enable
                0x080020c4       0x1c build/gd32f1x0_i2c.o
                0x080020c4                I2C_StopOnBus_Enable
 .text.I2C_Acknowledge_Enable
                0x080020e0       0x1c build/gd32f1x0_i2c.o
                0x080020e0                I2C_Acknowledge_Enable
 .text.I2C_SendData
                0x080020fc        0x4 build/gd32f1x0_i2c.o
                0x080020fc                I2C_SendData
 .text.I2C_ReceiveData
                0x08002100        0x8 build/gd32f1x0_i2c.o
                0x08002100                I2C_ReceiveData
 .text.I2C_NACKPosition_Enable
                0x08002108       0x20 build/gd32f1x0_i2c.o
                0x08002108                I2C_NACKPosition_Enable
 .text.I2C_StateDetect
                0x08002128       0x20 build/gd32f1x0_i2c.o
                0x08002128                I2C_StateDetect
 .text.I2C_GetBitState
                0x08002148       0x38 build/gd32f1x0_i2c.o
                0x08002148                I2C_GetBitState
 .text.RCC_HSEConfig
                0x08002180       0x10 build/gd32f1x0_rcc.o
                0x08002180                RCC_HSEConfig
 .text.RCC_HSI_Enable
                0x08002190       0x20 build/gd32f1x0_rcc.o
                0x08002190                RCC_HSI_Enable
 .text.RCC_PLLConfig
                0x080021b0       0x1c build/gd32f1x0_rcc.o
                0x080021b0                RCC_PLLConfig
 .text.RCC_PLL_Enable
                0x080021cc       0x20 build/gd32f1x0_rcc.o
                0x080021cc                RCC_PLL_Enable
 .text.RCC_CK_SYSConfig
                0x080021ec       0x14 build/gd32f1x0_rcc.o
                0x080021ec                RCC_CK_SYSConfig
 .text.RCC_AHBConfig
                0x08002200       0x14 build/gd32f1x0_rcc.o
                0x08002200                RCC_AHBConfig
 .text.RCC_APB1Config
                0x08002214       0x14 build/gd32f1x0_rcc.o
                0x08002214                RCC_APB1Config
 .text.RCC_APB2Config
                0x08002228       0x14 build/gd32f1x0_rcc.o
                0x08002228                RCC_APB2Config
 .text.RCC_GetClocksFreq
                0x0800223c      0x154 build/gd32f1x0_rcc.o
                0x0800223c                RCC_GetClocksFreq
 .text.RCC_AHBPeriphClock_Enable
                0x08002390       0x1c build/gd32f1x0_rcc.o
                0x08002390                RCC_AHBPeriphClock_Enable
 .text.RCC_APB1PeriphClock_Enable
                0x080023ac       0x1c build/gd32f1x0_rcc.o
                0x080023ac                RCC_APB1PeriphClock_Enable
 .text.RCC_GetBitState
                0x080023c8       0x3c build/gd32f1x0_rcc.o
                0x080023c8                RCC_GetBitState
 .text.USART_Init
                0x08002404       0xa0 build/gd32f1x0_usart.o
                0x08002404                USART_Init
 .text.USART_Enable
                0x080024a4       0x18 build/gd32f1x0_usart.o
                0x080024a4                USART_Enable
 .text.USART_DataSend
                0x080024bc        0x8 build/gd32f1x0_usart.o
                0x080024bc                USART_DataSend
 .text.USART_INT_Set
                0x080024c4       0x44 build/gd32f1x0_usart.o
                0x080024c4                USART_INT_Set
 .text.Reset_Handler
                0x08002508       0x54 build/startup.o
                0x08002508                Reset_Handler
 .text.Default_Handler
                0x0800255c        0x4 build/startup.o
                0x0800255c                DebugMon_Handler
                0x0800255c                LVD_IRQHandler
                0x0800255c                ADC1_CMP_IRQHandler
                0x0800255c                TIM1_CC_IRQHandler
                0x0800255c                USB_HP_IRQHandler
                0x0800255c                PendSV_Handler
                0x0800255c                NMI_Handler
                0x0800255c                I2C3_ER_IRQHandler
                0x0800255c                I2C2_EV_IRQHandler
                0x0800255c                SPI1_IRQHandler
                0x0800255c                TIM6_DAC_IRQHandler
                0x0800255c                EXTI2_3_IRQHandler
                0x0800255c                TIM17_IRQHandler
                0x0800255c                RTC_IRQHandler
                0x0800255c                I2C1_EV_IRQHandler
                0x0800255c                TIM16_IRQHandler
                0x0800255c                TIM3_IRQHandler
                0x0800255c                EXTI4_15_IRQHandler
                0x0800255c                RCC_IRQHandler
                0x0800255c                DMA1_Channel1_IRQHandler
                0x0800255c                Default_Handler
                0x0800255c                CEC_IRQHandler
                0x0800255c                TIM14_IRQHandler
                0x0800255c                DMA1_Channel4_5_IRQHandler
                0x0800255c                TIM15_IRQHandler
                0x0800255c                I2C3_EV_IRQHandler
                0x0800255c                EXTI0_1_IRQHandler
                0x0800255c                SPI2_IRQHandler
                0x0800255c                SVC_Handler
                0x0800255c                USB_LP_IRQHandler
                0x0800255c                DMA1_Channel6_7_IRQHandler
                0x0800255c                TS_IRQHandler
                0x0800255c                WWDG_IRQHandler
                0x0800255c                TIM2_IRQHandler
                0x0800255c                DMA1_Channel2_3_IRQHandler
                0x0800255c                I2C2_ER_IRQHandler
                0x0800255c                USART1_IRQHandler
                0x0800255c                SPI3_IRQHandler
                0x0800255c                I2C1_ER_IRQHandler
                0x0800255c                FMC_IRQHandler
                0x0800255c                TIM1_BRK_UP_TRG_COM_IRQHandler
                0x0800255c                USBWakeUp_IRQHandler
 .text.__errno  0x08002560        0xc /home/niklas/Downloads/gcc-arm-none-eabi-4_8-2014q3/bin/../lib/gcc/arm-none-eabi/4.8.4/../../../../arm-none-eabi/lib/armv7-m/libc_s.a(lib_a-errno.o)
                0x08002560                __errno
 .text.memset   0x0800256c       0x10 /home/niklas/Downloads/gcc-arm-none-eabi-4_8-2014q3/bin/../lib/gcc/arm-none-eabi/4.8.4/../../../../arm-none-eabi/lib/armv7-m/libc_s.a(lib_a-memset.o)
                0x0800256c                memset
 .text.printf   0x0800257c       0x30 /home/niklas/Downloads/gcc-arm-none-eabi-4_8-2014q3/bin/../lib/gcc/arm-none-eabi/4.8.4/../../../../arm-none-eabi/lib/armv7-m/libc_s.a(lib_a-printf.o)
                0x0800257c                printf
                0x0800257c                iprintf
 .text.__sfputc_r
                0x080025ac       0x2c /home/niklas/Downloads/gcc-arm-none-eabi-4_8-2014q3/bin/../lib/gcc/arm-none-eabi/4.8.4/../../../../arm-none-eabi/lib/armv7-m/libc_s.a(lib_a-vfprintf.o)
 .text.__sfputs_r
                0x080025d8       0x24 /home/niklas/Downloads/gcc-arm-none-eabi-4_8-2014q3/bin/../lib/gcc/arm-none-eabi/4.8.4/../../../../arm-none-eabi/lib/armv7-m/libc_s.a(lib_a-vfprintf.o)
                0x080025d8                __sfputs_r
 .text._vfprintf_r
                0x080025fc      0x208 /home/niklas/Downloads/gcc-arm-none-eabi-4_8-2014q3/bin/../lib/gcc/arm-none-eabi/4.8.4/../../../../arm-none-eabi/lib/armv7-m/libc_s.a(lib_a-vfprintf.o)
                0x080025fc                _vfiprintf_r
                0x080025fc                _vfprintf_r
 .text._printf_common
                0x08002804       0xe4 /home/niklas/Downloads/gcc-arm-none-eabi-4_8-2014q3/bin/../lib/gcc/arm-none-eabi/4.8.4/../../../../arm-none-eabi/lib/armv7-m/libc_s.a(lib_a-vfprintf_i.o)
                0x08002804                _printf_common
 .text._printf_i
                0x080028e8      0x228 /home/niklas/Downloads/gcc-arm-none-eabi-4_8-2014q3/bin/../lib/gcc/arm-none-eabi/4.8.4/../../../../arm-none-eabi/lib/armv7-m/libc_s.a(lib_a-vfprintf_i.o)
                0x080028e8                _printf_i
 .text.__swbuf_r
                0x08002b10       0xa8 /home/niklas/Downloads/gcc-arm-none-eabi-4_8-2014q3/bin/../lib/gcc/arm-none-eabi/4.8.4/../../../../arm-none-eabi/lib/armv7-m/libc_s.a(lib_a-wbuf.o)
                0x08002b10                __swbuf_r
 .text.__swsetup_r
                0x08002bb8       0xdc /home/niklas/Downloads/gcc-arm-none-eabi-4_8-2014q3/bin/../lib/gcc/arm-none-eabi/4.8.4/../../../../arm-none-eabi/lib/armv7-m/libc_s.a(lib_a-wsetup.o)
                0x08002bb8                __swsetup_r
 .text.__sflush_r
                0x08002c94      0x106 /home/niklas/Downloads/gcc-arm-none-eabi-4_8-2014q3/bin/../lib/gcc/arm-none-eabi/4.8.4/../../../../arm-none-eabi/lib/armv7-m/libc_s.a(lib_a-fflush.o)
                0x08002c94                __sflush_r
 *fill*         0x08002d9a        0x2 
 .text._fflush_r
                0x08002d9c       0x54 /home/niklas/Downloads/gcc-arm-none-eabi-4_8-2014q3/bin/../lib/gcc/arm-none-eabi/4.8.4/../../../../arm-none-eabi/lib/armv7-m/libc_s.a(lib_a-fflush.o)
                0x08002d9c                _fflush_r
 .text._cleanup_r
                0x08002df0       0x32 /home/niklas/Downloads/gcc-arm-none-eabi-4_8-2014q3/bin/../lib/gcc/arm-none-eabi/4.8.4/../../../../arm-none-eabi/lib/armv7-m/libc_s.a(lib_a-findfp.o)
                0x08002df0                _cleanup_r
 *fill*         0x08002e22        0x2 
 .text.std.isra.0
                0x08002e24       0x48 /home/niklas/Downloads/gcc-arm-none-eabi-4_8-2014q3/bin/../lib/gcc/arm-none-eabi/4.8.4/../../../../arm-none-eabi/lib/armv7-m/libc_s.a(lib_a-findfp.o)
 .text.__sfmoreglue
                0x08002e6c       0x2c /home/niklas/Downloads/gcc-arm-none-eabi-4_8-2014q3/bin/../lib/gcc/arm-none-eabi/4.8.4/../../../../arm-none-eabi/lib/armv7-m/libc_s.a(lib_a-findfp.o)
                0x08002e6c                __sfmoreglue
 .text.__sinit  0x08002e98       0x60 /home/niklas/Downloads/gcc-arm-none-eabi-4_8-2014q3/bin/../lib/gcc/arm-none-eabi/4.8.4/../../../../arm-none-eabi/lib/armv7-m/libc_s.a(lib_a-findfp.o)
                0x08002e98                __sinit
 .text.__sfp    0x08002ef8       0x74 /home/niklas/Downloads/gcc-arm-none-eabi-4_8-2014q3/bin/../lib/gcc/arm-none-eabi/4.8.4/../../../../arm-none-eabi/lib/armv7-m/libc_s.a(lib_a-findfp.o)
                0x08002ef8                __sfp
 .text.__smakebuf_r
                0x08002f6c       0x98 /home/niklas/Downloads/gcc-arm-none-eabi-4_8-2014q3/bin/../lib/gcc/arm-none-eabi/4.8.4/../../../../arm-none-eabi/lib/armv7-m/libc_s.a(lib_a-makebuf.o)
                0x08002f6c                __smakebuf_r
 .text.memchr   0x08003004       0x1c /home/niklas/Downloads/gcc-arm-none-eabi-4_8-2014q3/bin/../lib/gcc/arm-none-eabi/4.8.4/../../../../arm-none-eabi/lib/armv7-m/libc_s.a(lib_a-memchr-stub.o)
                0x08003004                memchr
 .text._free_r  0x08003020       0x88 /home/niklas/Downloads/gcc-arm-none-eabi-4_8-2014q3/bin/../lib/gcc/arm-none-eabi/4.8.4/../../../../arm-none-eabi/lib/armv7-m/libc_s.a(lib_a-nano-freer.o)
                0x08003020                _free_r
 .text._malloc_r
                0x080030a8       0xa8 /home/niklas/Downloads/gcc-arm-none-eabi-4_8-2014q3/bin/../lib/gcc/arm-none-eabi/4.8.4/../../../../arm-none-eabi/lib/armv7-m/libc_s.a(lib_a-nano-mallocr.o)
                0x080030a8                _malloc_r
 .text._sbrk_r  0x08003150       0x20 /home/niklas/Downloads/gcc-arm-none-eabi-4_8-2014q3/bin/../lib/gcc/arm-none-eabi/4.8.4/../../../../arm-none-eabi/lib/armv7-m/libc_s.a(lib_a-sbrkr.o)
                0x08003150                _sbrk_r
 .text.__sread  0x08003170       0x22 /home/niklas/Downloads/gcc-arm-none-eabi-4_8-2014q3/bin/../lib/gcc/arm-none-eabi/4.8.4/../../../../arm-none-eabi/lib/armv7-m/libc_s.a(lib_a-stdio.o)
                0x08003170                __sread
 .text.__swrite
                0x08003192       0x38 /home/niklas/Downloads/gcc-arm-none-eabi-4_8-2014q3/bin/../lib/gcc/arm-none-eabi/4.8.4/../../../../arm-none-eabi/lib/armv7-m/libc_s.a(lib_a-stdio.o)
                0x08003192                __swrite
 .text.__sseek  0x080031ca       0x24 /home/niklas/Downloads/gcc-arm-none-eabi-4_8-2014q3/bin/../lib/gcc/arm-none-eabi/4.8.4/../../../../arm-none-eabi/lib/armv7-m/libc_s.a(lib_a-stdio.o)
                0x080031ca                __sseek
 .text.__sclose
                0x080031ee        0x8 /home/niklas/Downloads/gcc-arm-none-eabi-4_8-2014q3/bin/../lib/gcc/arm-none-eabi/4.8.4/../../../../arm-none-eabi/lib/armv7-m/libc_s.a(lib_a-stdio.o)
                0x080031ee                __sclose
 .text.strlen   0x080031f6       0x10 /home/niklas/Downloads/gcc-arm-none-eabi-4_8-2014q3/bin/../lib/gcc/arm-none-eabi/4.8.4/../../../../arm-none-eabi/lib/armv7-m/libc_s.a(lib_a-strlen.o)
                0x080031f6                strlen
 *fill*         0x08003206        0x2 
 .text._write_r
                0x08003208       0x24 /home/niklas/Downloads/gcc-arm-none-eabi-4_8-2014q3/bin/../lib/gcc/arm-none-eabi/4.8.4/../../../../arm-none-eabi/lib/armv7-m/libc_s.a(lib_a-writer.o)
                0x08003208                _write_r
 .text._close_r
                0x0800322c       0x20 /home/niklas/Downloads/gcc-arm-none-eabi-4_8-2014q3/bin/../lib/gcc/arm-none-eabi/4.8.4/../../../../arm-none-eabi/lib/armv7-m/libc_s.a(lib_a-closer.o)
                0x0800322c                _close_r
 .text._fstat_r
                0x0800324c       0x24 /home/niklas/Downloads/gcc-arm-none-eabi-4_8-2014q3/bin/../lib/gcc/arm-none-eabi/4.8.4/../../../../arm-none-eabi/lib/armv7-m/libc_s.a(lib_a-fstatr.o)
                0x0800324c                _fstat_r
 .text._isatty_r
                0x08003270       0x20 /home/niklas/Downloads/gcc-arm-none-eabi-4_8-2014q3/bin/../lib/gcc/arm-none-eabi/4.8.4/../../../../arm-none-eabi/lib/armv7-m/libc_s.a(lib_a-isattyr.o)
                0x08003270                _isatty_r
 .text._lseek_r
                0x08003290       0x24 /home/niklas/Downloads/gcc-arm-none-eabi-4_8-2014q3/bin/../lib/gcc/arm-none-eabi/4.8.4/../../../../arm-none-eabi/lib/armv7-m/libc_s.a(lib_a-lseekr.o)
                0x08003290                _lseek_r
 .text._read_r  0x080032b4       0x24 /home/niklas/Downloads/gcc-arm-none-eabi-4_8-2014q3/bin/../lib/gcc/arm-none-eabi/4.8.4/../../../../arm-none-eabi/lib/armv7-m/libc_s.a(lib_a-readr.o)
                0x080032b4                _read_r
 .text.atan     0x080032d8      0x350 /home/niklas/Downloads/gcc-arm-none-eabi-4_8-2014q3/bin/../lib/gcc/arm-none-eabi/4.8.4/../../../../arm-none-eabi/lib/armv7-m/libm.a(lib_a-s_atan.o)
                0x080032d8                atan
 .text.fabs     0x08003628        0x8 /home/niklas/Downloads/gcc-arm-none-eabi-4_8-2014q3/bin/../lib/gcc/arm-none-eabi/4.8.4/../../../../arm-none-eabi/lib/armv7-m/libm.a(lib_a-s_fabs.o)
                0x08003628                fabs
 .text.atan2    0x08003630        0x4 /home/niklas/Downloads/gcc-arm-none-eabi-4_8-2014q3/bin/../lib/gcc/arm-none-eabi/4.8.4/../../../../arm-none-eabi/lib/armv7-m/libm.a(lib_a-w_atan2.o)
                0x08003630                atan2
 .text.sqrt     0x08003634       0xac /home/niklas/Downloads/gcc-arm-none-eabi-4_8-2014q3/bin/../lib/gcc/arm-none-eabi/4.8.4/../../../../arm-none-eabi/lib/armv7-m/libm.a(lib_a-w_sqrt.o)
                0x08003634                sqrt
 .text.__ieee754_atan2
                0x080036e0      0x1f0 /home/niklas/Downloads/gcc-arm-none-eabi-4_8-2014q3/bin/../lib/gcc/arm-none-eabi/4.8.4/../../../../arm-none-eabi/lib/armv7-m/libm.a(lib_a-e_atan2.o)
                0x080036e0                __ieee754_atan2
 .text.__ieee754_sqrt
                0x080038d0      0x180 /home/niklas/Downloads/gcc-arm-none-eabi-4_8-2014q3/bin/../lib/gcc/arm-none-eabi/4.8.4/../../../../arm-none-eabi/lib/armv7-m/libm.a(lib_a-e_sqrt.o)
                0x080038d0                __ieee754_sqrt
 .text.__fpclassifyd
                0x08003a50       0x50 /home/niklas/Downloads/gcc-arm-none-eabi-4_8-2014q3/bin/../lib/gcc/arm-none-eabi/4.8.4/../../../../arm-none-eabi/lib/armv7-m/libm.a(lib_a-s_fpclassify.o)
                0x08003a50                __fpclassifyd
 .text.matherr  0x08003aa0        0x4 /home/niklas/Downloads/gcc-arm-none-eabi-4_8-2014q3/bin/../lib/gcc/arm-none-eabi/4.8.4/../../../../arm-none-eabi/lib/armv7-m/libm.a(lib_a-s_matherr.o)
                0x08003aa0                matherr
 *(.rodata)
 *(.rodata*)
 .rodata.str1.4
                0x08003aa4       0x22 build/main.o
                                 0x24 (size before relaxing)
 .rodata.str1.1
                0x08003ac6        0x2 /home/niklas/Downloads/gcc-arm-none-eabi-4_8-2014q3/bin/../lib/gcc/arm-none-eabi/4.8.4/../../../../arm-none-eabi/lib/armv7-m/libc_s.a(lib_a-impure.o)
 .rodata._global_impure_ptr
                0x08003ac8        0x4 /home/niklas/Downloads/gcc-arm-none-eabi-4_8-2014q3/bin/../lib/gcc/arm-none-eabi/4.8.4/../../../../arm-none-eabi/lib/armv7-m/libc_s.a(lib_a-impure.o)
                0x08003ac8                _global_impure_ptr
 .rodata.str1.1
                0x08003acc       0x11 /home/niklas/Downloads/gcc-arm-none-eabi-4_8-2014q3/bin/../lib/gcc/arm-none-eabi/4.8.4/../../../../arm-none-eabi/lib/armv7-m/libc_s.a(lib_a-vfprintf.o)
 .rodata.str1.1
                0x08003add       0x22 /home/niklas/Downloads/gcc-arm-none-eabi-4_8-2014q3/bin/../lib/gcc/arm-none-eabi/4.8.4/../../../../arm-none-eabi/lib/armv7-m/libc_s.a(lib_a-vfprintf_i.o)
 *fill*         0x08003aff        0x1 
 .rodata.__sf_fake_stdin
                0x08003b00       0x20 /home/niklas/Downloads/gcc-arm-none-eabi-4_8-2014q3/bin/../lib/gcc/arm-none-eabi/4.8.4/../../../../arm-none-eabi/lib/armv7-m/libc_s.a(lib_a-findfp.o)
                0x08003b00                __sf_fake_stdin
 .rodata.__sf_fake_stdout
                0x08003b20       0x20 /home/niklas/Downloads/gcc-arm-none-eabi-4_8-2014q3/bin/../lib/gcc/arm-none-eabi/4.8.4/../../../../arm-none-eabi/lib/armv7-m/libc_s.a(lib_a-findfp.o)
                0x08003b20                __sf_fake_stdout
 .rodata.__sf_fake_stderr
                0x08003b40       0x20 /home/niklas/Downloads/gcc-arm-none-eabi-4_8-2014q3/bin/../lib/gcc/arm-none-eabi/4.8.4/../../../../arm-none-eabi/lib/armv7-m/libc_s.a(lib_a-findfp.o)
                0x08003b40                __sf_fake_stderr
 .rodata.atanlo
                0x08003b60       0x20 /home/niklas/Downloads/gcc-arm-none-eabi-4_8-2014q3/bin/../lib/gcc/arm-none-eabi/4.8.4/../../../../arm-none-eabi/lib/armv7-m/libm.a(lib_a-s_atan.o)
 .rodata.atanhi
                0x08003b80       0x20 /home/niklas/Downloads/gcc-arm-none-eabi-4_8-2014q3/bin/../lib/gcc/arm-none-eabi/4.8.4/../../../../arm-none-eabi/lib/armv7-m/libm.a(lib_a-s_atan.o)
 .rodata.str1.4
                0x08003ba0        0x8 /home/niklas/Downloads/gcc-arm-none-eabi-4_8-2014q3/bin/../lib/gcc/arm-none-eabi/4.8.4/../../../../arm-none-eabi/lib/armv7-m/libm.a(lib_a-w_sqrt.o)
 *(.glue_7)
 .glue_7        0x00000000        0x0 linker stubs
 *(.glue_7t)
 .glue_7t       0x00000000        0x0 linker stubs
 *(.init)
 .init          0x08003ba8        0x4 /home/niklas/Downloads/gcc-arm-none-eabi-4_8-2014q3/bin/../lib/gcc/arm-none-eabi/4.8.4/armv7-m/crti.o
                0x08003ba8                _init
 .init          0x08003bac        0x8 /home/niklas/Downloads/gcc-arm-none-eabi-4_8-2014q3/bin/../lib/gcc/arm-none-eabi/4.8.4/armv7-m/crtn.o
 *(.fini)
 .fini          0x08003bb4        0x4 /home/niklas/Downloads/gcc-arm-none-eabi-4_8-2014q3/bin/../lib/gcc/arm-none-eabi/4.8.4/armv7-m/crti.o
                0x08003bb4                _fini
 .fini          0x08003bb8        0x8 /home/niklas/Downloads/gcc-arm-none-eabi-4_8-2014q3/bin/../lib/gcc/arm-none-eabi/4.8.4/armv7-m/crtn.o
                0x08003bc0                . = ALIGN (0x4)
                0x08003bc0                _etext = .

.vfp11_veneer   0x08003bc0        0x0
 .vfp11_veneer  0x00000000        0x0 linker stubs

.v4_bx          0x08003bc0        0x0
 .v4_bx         0x00000000        0x0 linker stubs

.iplt           0x08003bc0        0x0
 .iplt          0x00000000        0x0 /home/niklas/Downloads/gcc-arm-none-eabi-4_8-2014q3/bin/../lib/gcc/arm-none-eabi/4.8.4/armv7-m/crtbegin.o

.rel.dyn        0x08003bc0        0x0
 .rel.iplt      0x00000000        0x0 /home/niklas/Downloads/gcc-arm-none-eabi-4_8-2014q3/bin/../lib/gcc/arm-none-eabi/4.8.4/armv7-m/crtbegin.o

.ARM.extab
 *(.ARM.extab* .gnu.linkonce.armextab.*)

.ARM            0x08003bc0        0x0
                0x08003bc0                __exidx_start = .
 *(.ARM.exidx*)
                0x08003bc0                __exidx_end = .

.ARM.attributes
                0x00000000       0x29
 *(.ARM.attributes)
 .ARM.attributes
                0x00000000       0x1d /home/niklas/Downloads/gcc-arm-none-eabi-4_8-2014q3/bin/../lib/gcc/arm-none-eabi/4.8.4/armv7-m/crti.o
 .ARM.attributes
                0x0000001d       0x2d /home/niklas/Downloads/gcc-arm-none-eabi-4_8-2014q3/bin/../lib/gcc/arm-none-eabi/4.8.4/armv7-m/crtbegin.o
 .ARM.attributes
                0x0000004a       0x2f build/drv_time.o
 .ARM.attributes
                0x00000079       0x2f build/drv_clk.o
 .ARM.attributes
                0x000000a8       0x2f build/syscalls.o
 .ARM.attributes
                0x000000d7       0x2f build/drv_gpio.o
 .ARM.attributes
                0x00000106       0x2f build/main.o
 .ARM.attributes
                0x00000135       0x2f build/drv_serial.o
 .ARM.attributes
                0x00000164       0x2f build/drv_i2c.o
 .ARM.attributes
                0x00000193       0x2f build/sixaxis.o
 .ARM.attributes
                0x000001c2       0x2f build/system_gd32f1x0.o
 .ARM.attributes
                0x000001f1       0x2f build/gd32f1x0_gpio.o
 .ARM.attributes
                0x00000220       0x2f build/gd32f1x0_i2c.o
 .ARM.attributes
                0x0000024f       0x2f build/gd32f1x0_rcc.o
 .ARM.attributes
                0x0000027e       0x2f build/gd32f1x0_usart.o
 .ARM.attributes
                0x000002ad       0x21 build/startup.o
 .ARM.attributes
                0x000002ce       0x2d /home/niklas/Downloads/gcc-arm-none-eabi-4_8-2014q3/bin/../lib/gcc/arm-none-eabi/4.8.4/../../../../arm-none-eabi/lib/armv7-m/libc_s.a(lib_a-errno.o)
 .ARM.attributes
                0x000002fb       0x2d /home/niklas/Downloads/gcc-arm-none-eabi-4_8-2014q3/bin/../lib/gcc/arm-none-eabi/4.8.4/../../../../arm-none-eabi/lib/armv7-m/libc_s.a(lib_a-impure.o)
 .ARM.attributes
                0x00000328       0x2d /home/niklas/Downloads/gcc-arm-none-eabi-4_8-2014q3/bin/../lib/gcc/arm-none-eabi/4.8.4/../../../../arm-none-eabi/lib/armv7-m/libc_s.a(lib_a-memset.o)
 .ARM.attributes
                0x00000355       0x2d /home/niklas/Downloads/gcc-arm-none-eabi-4_8-2014q3/bin/../lib/gcc/arm-none-eabi/4.8.4/../../../../arm-none-eabi/lib/armv7-m/libc_s.a(lib_a-printf.o)
 .ARM.attributes
                0x00000382       0x2d /home/niklas/Downloads/gcc-arm-none-eabi-4_8-2014q3/bin/../lib/gcc/arm-none-eabi/4.8.4/../../../../arm-none-eabi/lib/armv7-m/libc_s.a(lib_a-vfprintf.o)
 .ARM.attributes
                0x000003af       0x2d /home/niklas/Downloads/gcc-arm-none-eabi-4_8-2014q3/bin/../lib/gcc/arm-none-eabi/4.8.4/../../../../arm-none-eabi/lib/armv7-m/libc_s.a(lib_a-vfprintf_i.o)
 .ARM.attributes
                0x000003dc       0x2d /home/niklas/Downloads/gcc-arm-none-eabi-4_8-2014q3/bin/../lib/gcc/arm-none-eabi/4.8.4/../../../../arm-none-eabi/lib/armv7-m/libc_s.a(lib_a-wbuf.o)
 .ARM.attributes
                0x00000409       0x2d /home/niklas/Downloads/gcc-arm-none-eabi-4_8-2014q3/bin/../lib/gcc/arm-none-eabi/4.8.4/../../../../arm-none-eabi/lib/armv7-m/libc_s.a(lib_a-wsetup.o)
 .ARM.attributes
                0x00000436       0x2d /home/niklas/Downloads/gcc-arm-none-eabi-4_8-2014q3/bin/../lib/gcc/arm-none-eabi/4.8.4/../../../../arm-none-eabi/lib/armv7-m/libc_s.a(lib_a-fflush.o)
 .ARM.attributes
                0x00000463       0x2d /home/niklas/Downloads/gcc-arm-none-eabi-4_8-2014q3/bin/../lib/gcc/arm-none-eabi/4.8.4/../../../../arm-none-eabi/lib/armv7-m/libc_s.a(lib_a-findfp.o)
 .ARM.attributes
                0x00000490       0x2d /home/niklas/Downloads/gcc-arm-none-eabi-4_8-2014q3/bin/../lib/gcc/arm-none-eabi/4.8.4/../../../../arm-none-eabi/lib/armv7-m/libc_s.a(lib_a-makebuf.o)
 .ARM.attributes
                0x000004bd       0x2d /home/niklas/Downloads/gcc-arm-none-eabi-4_8-2014q3/bin/../lib/gcc/arm-none-eabi/4.8.4/../../../../arm-none-eabi/lib/armv7-m/libc_s.a(lib_a-memchr-stub.o)
 .ARM.attributes
                0x000004ea       0x2d /home/niklas/Downloads/gcc-arm-none-eabi-4_8-2014q3/bin/../lib/gcc/arm-none-eabi/4.8.4/../../../../arm-none-eabi/lib/armv7-m/libc_s.a(lib_a-nano-freer.o)
 .ARM.attributes
                0x00000517       0x2d /home/niklas/Downloads/gcc-arm-none-eabi-4_8-2014q3/bin/../lib/gcc/arm-none-eabi/4.8.4/../../../../arm-none-eabi/lib/armv7-m/libc_s.a(lib_a-nano-mallocr.o)
 .ARM.attributes
                0x00000544       0x2d /home/niklas/Downloads/gcc-arm-none-eabi-4_8-2014q3/bin/../lib/gcc/arm-none-eabi/4.8.4/../../../../arm-none-eabi/lib/armv7-m/libc_s.a(lib_a-sbrkr.o)
 .ARM.attributes
                0x00000571       0x2d /home/niklas/Downloads/gcc-arm-none-eabi-4_8-2014q3/bin/../lib/gcc/arm-none-eabi/4.8.4/../../../../arm-none-eabi/lib/armv7-m/libc_s.a(lib_a-stdio.o)
 .ARM.attributes
                0x0000059e       0x2d /home/niklas/Downloads/gcc-arm-none-eabi-4_8-2014q3/bin/../lib/gcc/arm-none-eabi/4.8.4/../../../../arm-none-eabi/lib/armv7-m/libc_s.a(lib_a-strlen.o)
 .ARM.attributes
                0x000005cb       0x2d /home/niklas/Downloads/gcc-arm-none-eabi-4_8-2014q3/bin/../lib/gcc/arm-none-eabi/4.8.4/../../../../arm-none-eabi/lib/armv7-m/libc_s.a(lib_a-writer.o)
 .ARM.attributes
                0x000005f8       0x2d /home/niklas/Downloads/gcc-arm-none-eabi-4_8-2014q3/bin/../lib/gcc/arm-none-eabi/4.8.4/../../../../arm-none-eabi/lib/armv7-m/libc_s.a(lib_a-closer.o)
 .ARM.attributes
                0x00000625       0x2d /home/niklas/Downloads/gcc-arm-none-eabi-4_8-2014q3/bin/../lib/gcc/arm-none-eabi/4.8.4/../../../../arm-none-eabi/lib/armv7-m/libc_s.a(lib_a-fstatr.o)
 .ARM.attributes
                0x00000652       0x2d /home/niklas/Downloads/gcc-arm-none-eabi-4_8-2014q3/bin/../lib/gcc/arm-none-eabi/4.8.4/../../../../arm-none-eabi/lib/armv7-m/libc_s.a(lib_a-isattyr.o)
 .ARM.attributes
                0x0000067f       0x2d /home/niklas/Downloads/gcc-arm-none-eabi-4_8-2014q3/bin/../lib/gcc/arm-none-eabi/4.8.4/../../../../arm-none-eabi/lib/armv7-m/libc_s.a(lib_a-lseekr.o)
 .ARM.attributes
                0x000006ac       0x2d /home/niklas/Downloads/gcc-arm-none-eabi-4_8-2014q3/bin/../lib/gcc/arm-none-eabi/4.8.4/../../../../arm-none-eabi/lib/armv7-m/libc_s.a(lib_a-readr.o)
 .ARM.attributes
                0x000006d9       0x2d /home/niklas/Downloads/gcc-arm-none-eabi-4_8-2014q3/bin/../lib/gcc/arm-none-eabi/4.8.4/../../../../arm-none-eabi/lib/armv7-m/libc_s.a(lib_a-reent.o)
 .ARM.attributes
                0x00000706       0x2d /home/niklas/Downloads/gcc-arm-none-eabi-4_8-2014q3/bin/../lib/gcc/arm-none-eabi/4.8.4/../../../../arm-none-eabi/lib/armv7-m/libm.a(lib_a-s_atan.o)
 .ARM.attributes
                0x00000733       0x2d /home/niklas/Downloads/gcc-arm-none-eabi-4_8-2014q3/bin/../lib/gcc/arm-none-eabi/4.8.4/../../../../arm-none-eabi/lib/armv7-m/libm.a(lib_a-s_fabs.o)
 .ARM.attributes
                0x00000760       0x2d /home/niklas/Downloads/gcc-arm-none-eabi-4_8-2014q3/bin/../lib/gcc/arm-none-eabi/4.8.4/../../../../arm-none-eabi/lib/armv7-m/libm.a(lib_a-w_atan2.o)
 .ARM.attributes
                0x0000078d       0x2d /home/niklas/Downloads/gcc-arm-none-eabi-4_8-2014q3/bin/../lib/gcc/arm-none-eabi/4.8.4/../../../../arm-none-eabi/lib/armv7-m/libm.a(lib_a-w_sqrt.o)
 .ARM.attributes
                0x000007ba       0x2d /home/niklas/Downloads/gcc-arm-none-eabi-4_8-2014q3/bin/../lib/gcc/arm-none-eabi/4.8.4/../../../../arm-none-eabi/lib/armv7-m/libm.a(lib_a-e_atan2.o)
 .ARM.attributes
                0x000007e7       0x2d /home/niklas/Downloads/gcc-arm-none-eabi-4_8-2014q3/bin/../lib/gcc/arm-none-eabi/4.8.4/../../../../arm-none-eabi/lib/armv7-m/libm.a(lib_a-e_sqrt.o)
 .ARM.attributes
                0x00000814       0x2d /home/niklas/Downloads/gcc-arm-none-eabi-4_8-2014q3/bin/../lib/gcc/arm-none-eabi/4.8.4/../../../../arm-none-eabi/lib/armv7-m/libm.a(lib_a-s_fpclassify.o)
 .ARM.attributes
                0x00000841       0x2d /home/niklas/Downloads/gcc-arm-none-eabi-4_8-2014q3/bin/../lib/gcc/arm-none-eabi/4.8.4/../../../../arm-none-eabi/lib/armv7-m/libm.a(lib_a-s_lib_ver.o)
 .ARM.attributes
                0x0000086e       0x2d /home/niklas/Downloads/gcc-arm-none-eabi-4_8-2014q3/bin/../lib/gcc/arm-none-eabi/4.8.4/../../../../arm-none-eabi/lib/armv7-m/libm.a(lib_a-s_matherr.o)
 .ARM.attributes
                0x0000089b       0x1d /home/niklas/Downloads/gcc-arm-none-eabi-4_8-2014q3/bin/../lib/gcc/arm-none-eabi/4.8.4/armv7-m/libgcc.a(_arm_addsubdf3.o)
 .ARM.attributes
                0x000008b8       0x1d /home/niklas/Downloads/gcc-arm-none-eabi-4_8-2014q3/bin/../lib/gcc/arm-none-eabi/4.8.4/armv7-m/libgcc.a(_arm_muldivdf3.o)
 .ARM.attributes
                0x000008d5       0x1d /home/niklas/Downloads/gcc-arm-none-eabi-4_8-2014q3/bin/../lib/gcc/arm-none-eabi/4.8.4/armv7-m/libgcc.a(_arm_cmpdf2.o)
 .ARM.attributes
                0x000008f2       0x1d /home/niklas/Downloads/gcc-arm-none-eabi-4_8-2014q3/bin/../lib/gcc/arm-none-eabi/4.8.4/armv7-m/libgcc.a(_arm_truncdfsf2.o)
 .ARM.attributes
                0x0000090f       0x1d /home/niklas/Downloads/gcc-arm-none-eabi-4_8-2014q3/bin/../lib/gcc/arm-none-eabi/4.8.4/armv7-m/libgcc.a(_arm_addsubsf3.o)
 .ARM.attributes
                0x0000092c       0x1d /home/niklas/Downloads/gcc-arm-none-eabi-4_8-2014q3/bin/../lib/gcc/arm-none-eabi/4.8.4/armv7-m/libgcc.a(_arm_muldivsf3.o)
 .ARM.attributes
                0x00000949       0x1d /home/niklas/Downloads/gcc-arm-none-eabi-4_8-2014q3/bin/../lib/gcc/arm-none-eabi/4.8.4/armv7-m/libgcc.a(_arm_cmpsf2.o)
 .ARM.attributes
                0x00000966       0x1d /home/niklas/Downloads/gcc-arm-none-eabi-4_8-2014q3/bin/../lib/gcc/arm-none-eabi/4.8.4/armv7-m/crtn.o

.preinit_array  0x08003bc0        0x0
                0x08003bc0                PROVIDE (__preinit_array_start, .)
 *(.preinit_array*)
                0x08003bc0                PROVIDE (__preinit_array_end, .)

.init_array     0x08003bc0        0x4
                0x08003bc0                PROVIDE (__init_array_start, .)
 *(SORT(.init_array.*))
 *(.init_array*)
 .init_array    0x08003bc0        0x4 /home/niklas/Downloads/gcc-arm-none-eabi-4_8-2014q3/bin/../lib/gcc/arm-none-eabi/4.8.4/armv7-m/crtbegin.o
                0x08003bc4                PROVIDE (__init_array_end, .)

.fini_array     0x08003bc4        0x4
                0x08003bc4                PROVIDE (__fini_array_start, .)
 *(.fini_array*)
 .fini_array    0x08003bc4        0x4 /home/niklas/Downloads/gcc-arm-none-eabi-4_8-2014q3/bin/../lib/gcc/arm-none-eabi/4.8.4/armv7-m/crtbegin.o
 *(SORT(.fini_array.*))
                0x08003bc8                PROVIDE (__fini_array_end, .)
                0x08003bc8                _sidata = .

.data           0x20000000       0x80 load address 0x08003bc8
                0x20000000                . = ALIGN (0x4)
                0x20000000                _sdata = .
 *(.data)
 *(.data*)
 .data.AHBPrescTable
                0x20000000       0x10 build/gd32f1x0_rcc.o
 .data.APBPrescTable
                0x20000010        0x8 build/gd32f1x0_rcc.o
 .data.impure_data
                0x20000018       0x60 /home/niklas/Downloads/gcc-arm-none-eabi-4_8-2014q3/bin/../lib/gcc/arm-none-eabi/4.8.4/../../../../arm-none-eabi/lib/armv7-m/libc_s.a(lib_a-impure.o)
 .data._impure_ptr
                0x20000078        0x4 /home/niklas/Downloads/gcc-arm-none-eabi-4_8-2014q3/bin/../lib/gcc/arm-none-eabi/4.8.4/../../../../arm-none-eabi/lib/armv7-m/libc_s.a(lib_a-impure.o)
                0x20000078                _impure_ptr
 .data.__fdlib_version
                0x2000007c        0x1 /home/niklas/Downloads/gcc-arm-none-eabi-4_8-2014q3/bin/../lib/gcc/arm-none-eabi/4.8.4/../../../../arm-none-eabi/lib/armv7-m/libm.a(lib_a-s_lib_ver.o)
                0x2000007c                __fdlib_version
                0x20000080                . = ALIGN (0x4)
 *fill*         0x2000007d        0x3 
                0x20000080                _edata = .

.jcr            0x20000080        0x0 load address 0x08003c48
 .jcr           0x20000080        0x0 /home/niklas/Downloads/gcc-arm-none-eabi-4_8-2014q3/bin/../lib/gcc/arm-none-eabi/4.8.4/armv7-m/crtbegin.o

.igot.plt       0x20000080        0x0 load address 0x08003c48
 .igot.plt      0x00000000        0x0 /home/niklas/Downloads/gcc-arm-none-eabi-4_8-2014q3/bin/../lib/gcc/arm-none-eabi/4.8.4/armv7-m/crtbegin.o
                0x20000080                . = ALIGN (0x4)

.bss            0x20000080       0x78 load address 0x08003c48
                0x20000080                _sbss = .
                0x20000080                __bss_start__ = _sbss
 *(.bss)
 .bss           0x20000080       0x1c /home/niklas/Downloads/gcc-arm-none-eabi-4_8-2014q3/bin/../lib/gcc/arm-none-eabi/4.8.4/armv7-m/crtbegin.o
 *(.bss*)
 .bss.heap_end.5582
                0x2000009c        0x4 build/syscalls.o
 .bss.ready     0x200000a0        0x1 build/drv_serial.o
                0x200000a0                ready
 *fill*         0x200000a1        0x3 
 .bss.i2ccount  0x200000a4        0x4 build/drv_i2c.o
 .bss.timer     0x200000a8        0x4 build/sixaxis.o
                0x200000a8                timer
 .bss.__malloc_sbrk_start
                0x200000ac        0x4 /home/niklas/Downloads/gcc-arm-none-eabi-4_8-2014q3/bin/../lib/gcc/arm-none-eabi/4.8.4/../../../../arm-none-eabi/lib/armv7-m/libc_s.a(lib_a-nano-mallocr.o)
                0x200000ac                __malloc_sbrk_start
 .bss.__malloc_free_list
                0x200000b0        0x4 /home/niklas/Downloads/gcc-arm-none-eabi-4_8-2014q3/bin/../lib/gcc/arm-none-eabi/4.8.4/../../../../arm-none-eabi/lib/armv7-m/libc_s.a(lib_a-nano-mallocr.o)
                0x200000b0                __malloc_free_list
 *(COMMON)
 COMMON         0x200000b4        0x8 build/drv_time.o
                0x200000b4                globalticks
                0x200000b8                lastticks
 COMMON         0x200000bc        0x4 build/drv_i2c.o
                0x200000bc                liberror
 COMMON         0x200000c0       0x34 build/sixaxis.o
                0x200000c0                compAngleX
                0x200000c4                accel
                0x200000d0                gyroYangle
                0x200000d4                gyro
                0x200000e0                gyroXangle
                0x200000e4                compAngleY
                0x200000e8                gyrocal
 COMMON         0x200000f4        0x4 /home/niklas/Downloads/gcc-arm-none-eabi-4_8-2014q3/bin/../lib/gcc/arm-none-eabi/4.8.4/../../../../arm-none-eabi/lib/armv7-m/libc_s.a(lib_a-reent.o)
                0x200000f4                errno
                0x200000f8                . = ALIGN (0x4)
                0x200000f8                _ebss = .
                0x200000f8                __bss_end__ = _ebss
                0x200000f8                PROVIDE (end, _ebss)
                0x200000f8                PROVIDE (_end, _ebss)

._user_heap_stack
                0x200000f8      0x800 load address 0x08003cc0
                0x200000f8                . = ALIGN (0x4)
                0x200004f8                . = (. + _Min_Heap_Size)
 *fill*         0x200000f8      0x400 
                0x200008f8                . = (. + _Min_Stack_Size)
 *fill*         0x200004f8      0x400 
                0x200008f8                . = ALIGN (0x4)

.memory_b1_text
 *(.mb1text)
 *(.mb1text*)
 *(.mb1rodata)
 *(.mb1rodata*)

/DISCARD/
 libc.a(*)
 libm.a(*)
 libgcc.a(*)
OUTPUT(build/sideboard.elf elf32-littlearm)

.debug_info     0x00000000     0x7313
 .debug_info    0x00000000      0x69e build/drv_time.o
 .debug_info    0x0000069e      0x429 build/drv_clk.o
 .debug_info    0x00000ac7      0x79b build/syscalls.o
 .debug_info    0x00001262      0x43c build/drv_gpio.o
 .debug_info    0x0000169e      0x6ac build/main.o
 .debug_info    0x00001d4a      0x9b6 build/drv_serial.o
 .debug_info    0x00002700      0xd50 build/drv_i2c.o
 .debug_info    0x00003450      0xb74 build/sixaxis.o
 .debug_info    0x00003fc4      0x3b2 build/system_gd32f1x0.o
 .debug_info    0x00004376      0x72c build/gd32f1x0_gpio.o
 .debug_info    0x00004aa2      0xc38 build/gd32f1x0_i2c.o
 .debug_info    0x000056da      0xc28 build/gd32f1x0_rcc.o
 .debug_info    0x00006302      0xfc1 build/gd32f1x0_usart.o
 .debug_info    0x000072c3       0x50 build/startup.o

.debug_abbrev   0x00000000     0x184a
 .debug_abbrev  0x00000000      0x230 build/drv_time.o
 .debug_abbrev  0x00000230      0x129 build/drv_clk.o
 .debug_abbrev  0x00000359      0x1d6 build/syscalls.o
 .debug_abbrev  0x0000052f      0x159 build/drv_gpio.o
 .debug_abbrev  0x00000688      0x1b8 build/main.o
 .debug_abbrev  0x00000840      0x217 build/drv_serial.o
 .debug_abbrev  0x00000a57      0x22d build/drv_i2c.o
 .debug_abbrev  0x00000c84      0x225 build/sixaxis.o
 .debug_abbrev  0x00000ea9      0x150 build/system_gd32f1x0.o
 .debug_abbrev  0x00000ff9      0x1ee build/gd32f1x0_gpio.o
 .debug_abbrev  0x000011e7      0x209 build/gd32f1x0_i2c.o
 .debug_abbrev  0x000013f0      0x234 build/gd32f1x0_rcc.o
 .debug_abbrev  0x00001624      0x214 build/gd32f1x0_usart.o
 .debug_abbrev  0x00001838       0x12 build/startup.o

.debug_loc      0x00000000     0x2958
 .debug_loc     0x00000000       0xb4 build/drv_time.o
 .debug_loc     0x000000b4       0x20 build/drv_clk.o
 .debug_loc     0x000000d4      0x4f8 build/syscalls.o
 .debug_loc     0x000005cc       0x2c build/drv_gpio.o
 .debug_loc     0x000005f8       0x3f build/main.o
 .debug_loc     0x00000637       0x2c build/drv_serial.o
 .debug_loc     0x00000663      0x2e9 build/drv_i2c.o
 .debug_loc     0x0000094c      0x32b build/sixaxis.o
 .debug_loc     0x00000c77      0x1a9 build/system_gd32f1x0.o
 .debug_loc     0x00000e20      0x25a build/gd32f1x0_gpio.o
 .debug_loc     0x0000107a      0x6eb build/gd32f1x0_i2c.o
 .debug_loc     0x00001765      0x94d build/gd32f1x0_rcc.o
 .debug_loc     0x000020b2      0x8a6 build/gd32f1x0_usart.o

.debug_aranges  0x00000000      0x730
 .debug_aranges
                0x00000000       0x40 build/drv_time.o
 .debug_aranges
                0x00000040       0x20 build/drv_clk.o
 .debug_aranges
                0x00000060       0xb0 build/syscalls.o
 .debug_aranges
                0x00000110       0x20 build/drv_gpio.o
 .debug_aranges
                0x00000130       0x40 build/main.o
 .debug_aranges
                0x00000170       0x30 build/drv_serial.o
 .debug_aranges
                0x000001a0       0x40 build/drv_i2c.o
 .debug_aranges
                0x000001e0       0x38 build/sixaxis.o
 .debug_aranges
                0x00000218       0x38 build/system_gd32f1x0.o
 .debug_aranges
                0x00000250       0x80 build/gd32f1x0_gpio.o
 .debug_aranges
                0x000002d0      0x120 build/gd32f1x0_i2c.o
 .debug_aranges
                0x000003f0      0x178 build/gd32f1x0_rcc.o
 .debug_aranges
                0x00000568      0x1a0 build/gd32f1x0_usart.o
 .debug_aranges
                0x00000708       0x28 build/startup.o

.debug_ranges   0x00000000      0x670
 .debug_ranges  0x00000000       0x30 build/drv_time.o
 .debug_ranges  0x00000030       0x10 build/drv_clk.o
 .debug_ranges  0x00000040       0xa0 build/syscalls.o
 .debug_ranges  0x000000e0       0x10 build/drv_gpio.o
 .debug_ranges  0x000000f0       0x30 build/main.o
 .debug_ranges  0x00000120       0x20 build/drv_serial.o
 .debug_ranges  0x00000140       0x30 build/drv_i2c.o
 .debug_ranges  0x00000170       0x40 build/sixaxis.o
 .debug_ranges  0x000001b0       0x28 build/system_gd32f1x0.o
 .debug_ranges  0x000001d8       0x70 build/gd32f1x0_gpio.o
 .debug_ranges  0x00000248      0x110 build/gd32f1x0_i2c.o
 .debug_ranges  0x00000358      0x168 build/gd32f1x0_rcc.o
 .debug_ranges  0x000004c0      0x190 build/gd32f1x0_usart.o
 .debug_ranges  0x00000650       0x20 build/startup.o

.debug_line     0x00000000     0x225b
 .debug_line    0x00000000      0x180 build/drv_time.o
 .debug_line    0x00000180      0x15c build/drv_clk.o
 .debug_line    0x000002dc      0x22f build/syscalls.o
 .debug_line    0x0000050b      0x169 build/drv_gpio.o
 .debug_line    0x00000674      0x223 build/main.o
 .debug_line    0x00000897      0x1b7 build/drv_serial.o
 .debug_line    0x00000a4e      0x2f6 build/drv_i2c.o
 .debug_line    0x00000d44      0x2ac build/sixaxis.o
 .debug_line    0x00000ff0      0x19e build/system_gd32f1x0.o
 .debug_line    0x0000118e      0x274 build/gd32f1x0_gpio.o
 .debug_line    0x00001402      0x400 build/gd32f1x0_i2c.o
 .debug_line    0x00001802      0x4cc build/gd32f1x0_rcc.o
 .debug_line    0x00001cce      0x526 build/gd32f1x0_usart.o
 .debug_line    0x000021f4       0x67 build/startup.o

.debug_str      0x00000000     0x1fb5
 .debug_str     0x00000000      0x56d build/drv_time.o
                                0x5cd (size before relaxing)
 .debug_str     0x0000056d      0x17e build/drv_clk.o
                                0x335 (size before relaxing)
 .debug_str     0x000006eb      0x216 build/syscalls.o
                                0x3cc (size before relaxing)
 .debug_str     0x00000901      0x1b6 build/drv_gpio.o
                                0x3b3 (size before relaxing)
 .debug_str     0x00000ab7       0xd4 build/main.o
                                0x31a (size before relaxing)
 .debug_str     0x00000b8b      0x16e build/drv_serial.o
                                0x802 (size before relaxing)
 .debug_str     0x00000cf9      0x1bd build/drv_i2c.o
                                0x603 (size before relaxing)
 .debug_str     0x00000eb6      0x104 build/sixaxis.o
                                0x404 (size before relaxing)
 .debug_str     0x00000fba       0xcc build/system_gd32f1x0.o
                                0x36d (size before relaxing)
 .debug_str     0x00001086      0x113 build/gd32f1x0_gpio.o
                                0x4e3 (size before relaxing)
 .debug_str     0x00001199      0x36a build/gd32f1x0_i2c.o
                                0x6f9 (size before relaxing)
 .debug_str     0x00001503      0x461 build/gd32f1x0_rcc.o
                                0x8f4 (size before relaxing)
 .debug_str     0x00001964      0x651 build/gd32f1x0_usart.o
                                0xa19 (size before relaxing)

.comment        0x00000000       0x70
 .comment       0x00000000       0x70 build/drv_time.o
                                 0x71 (size before relaxing)
 .comment       0x00000000       0x71 build/drv_clk.o
 .comment       0x00000000       0x71 build/syscalls.o
 .comment       0x00000000       0x71 build/drv_gpio.o
 .comment       0x00000000       0x71 build/main.o
 .comment       0x00000000       0x71 build/drv_serial.o
 .comment       0x00000000       0x71 build/drv_i2c.o
 .comment       0x00000000       0x71 build/sixaxis.o
 .comment       0x00000000       0x71 build/system_gd32f1x0.o
 .comment       0x00000000       0x71 build/gd32f1x0_gpio.o
 .comment       0x00000000       0x71 build/gd32f1x0_i2c.o
 .comment       0x00000000       0x71 build/gd32f1x0_rcc.o
 .comment       0x00000000       0x71 build/gd32f1x0_usart.o

.debug_frame    0x00000000     0x16a4
 .debug_frame   0x00000000       0x70 build/drv_time.o
 .debug_frame   0x00000070       0x2c build/drv_clk.o
 .debug_frame   0x0000009c      0x1d4 build/syscalls.o
 .debug_frame   0x00000270       0x38 build/drv_gpio.o
 .debug_frame   0x000002a8       0x78 build/main.o
 .debug_frame   0x00000320       0x4c build/drv_serial.o
 .debug_frame   0x0000036c       0xc4 build/drv_i2c.o
 .debug_frame   0x00000430       0xb0 build/sixaxis.o
 .debug_frame   0x000004e0       0x6c build/system_gd32f1x0.o
 .debug_frame   0x0000054c      0x10c build/gd32f1x0_gpio.o
 .debug_frame   0x00000658      0x248 build/gd32f1x0_i2c.o
 .debug_frame   0x000008a0      0x2e8 build/gd32f1x0_rcc.o
 .debug_frame   0x00000b88      0x354 build/gd32f1x0_usart.o
 .debug_frame   0x00000edc       0x20 /home/niklas/Downloads/gcc-arm-none-eabi-4_8-2014q3/bin/../lib/gcc/arm-none-eabi/4.8.4/../../../../arm-none-eabi/lib/armv7-m/libc_s.a(lib_a-errno.o)
 .debug_frame   0x00000efc       0x20 /home/niklas/Downloads/gcc-arm-none-eabi-4_8-2014q3/bin/../lib/gcc/arm-none-eabi/4.8.4/../../../../arm-none-eabi/lib/armv7-m/libc_s.a(lib_a-memset.o)
 .debug_frame   0x00000f1c       0x60 /home/niklas/Downloads/gcc-arm-none-eabi-4_8-2014q3/bin/../lib/gcc/arm-none-eabi/4.8.4/../../../../arm-none-eabi/lib/armv7-m/libc_s.a(lib_a-printf.o)
 .debug_frame   0x00000f7c       0xa8 /home/niklas/Downloads/gcc-arm-none-eabi-4_8-2014q3/bin/../lib/gcc/arm-none-eabi/4.8.4/../../../../arm-none-eabi/lib/armv7-m/libc_s.a(lib_a-vfprintf.o)
 .debug_frame   0x00001024       0x60 /home/niklas/Downloads/gcc-arm-none-eabi-4_8-2014q3/bin/../lib/gcc/arm-none-eabi/4.8.4/../../../../arm-none-eabi/lib/armv7-m/libc_s.a(lib_a-vfprintf_i.o)
 .debug_frame   0x00001084       0x3c /home/niklas/Downloads/gcc-arm-none-eabi-4_8-2014q3/bin/../lib/gcc/arm-none-eabi/4.8.4/../../../../arm-none-eabi/lib/armv7-m/libc_s.a(lib_a-wbuf.o)
 .debug_frame   0x000010c0       0x2c /home/niklas/Downloads/gcc-arm-none-eabi-4_8-2014q3/bin/../lib/gcc/arm-none-eabi/4.8.4/../../../../arm-none-eabi/lib/armv7-m/libc_s.a(lib_a-wsetup.o)
 .debug_frame   0x000010ec       0x5c /home/niklas/Downloads/gcc-arm-none-eabi-4_8-2014q3/bin/../lib/gcc/arm-none-eabi/4.8.4/../../../../arm-none-eabi/lib/armv7-m/libc_s.a(lib_a-fflush.o)
 .debug_frame   0x00001148      0x12c /home/niklas/Downloads/gcc-arm-none-eabi-4_8-2014q3/bin/../lib/gcc/arm-none-eabi/4.8.4/../../../../arm-none-eabi/lib/armv7-m/libc_s.a(lib_a-findfp.o)
 .debug_frame   0x00001274       0x30 /home/niklas/Downloads/gcc-arm-none-eabi-4_8-2014q3/bin/../lib/gcc/arm-none-eabi/4.8.4/../../../../arm-none-eabi/lib/armv7-m/libc_s.a(lib_a-makebuf.o)
 .debug_frame   0x000012a4       0x28 /home/niklas/Downloads/gcc-arm-none-eabi-4_8-2014q3/bin/../lib/gcc/arm-none-eabi/4.8.4/../../../../arm-none-eabi/lib/armv7-m/libc_s.a(lib_a-memchr-stub.o)
 .debug_frame   0x000012cc       0x2c /home/niklas/Downloads/gcc-arm-none-eabi-4_8-2014q3/bin/../lib/gcc/arm-none-eabi/4.8.4/../../../../arm-none-eabi/lib/armv7-m/libc_s.a(lib_a-nano-freer.o)
 .debug_frame   0x000012f8       0x2c /home/niklas/Downloads/gcc-arm-none-eabi-4_8-2014q3/bin/../lib/gcc/arm-none-eabi/4.8.4/../../../../arm-none-eabi/lib/armv7-m/libc_s.a(lib_a-nano-mallocr.o)
 .debug_frame   0x00001324       0x2c /home/niklas/Downloads/gcc-arm-none-eabi-4_8-2014q3/bin/../lib/gcc/arm-none-eabi/4.8.4/../../../../arm-none-eabi/lib/armv7-m/libc_s.a(lib_a-sbrkr.o)
 .debug_frame   0x00001350       0x80 /home/niklas/Downloads/gcc-arm-none-eabi-4_8-2014q3/bin/../lib/gcc/arm-none-eabi/4.8.4/../../../../arm-none-eabi/lib/armv7-m/libc_s.a(lib_a-stdio.o)
 .debug_frame   0x000013d0       0x20 /home/niklas/Downloads/gcc-arm-none-eabi-4_8-2014q3/bin/../lib/gcc/arm-none-eabi/4.8.4/../../../../arm-none-eabi/lib/armv7-m/libc_s.a(lib_a-strlen.o)
 .debug_frame   0x000013f0       0x2c /home/niklas/Downloads/gcc-arm-none-eabi-4_8-2014q3/bin/../lib/gcc/arm-none-eabi/4.8.4/../../../../arm-none-eabi/lib/armv7-m/libc_s.a(lib_a-writer.o)
 .debug_frame   0x0000141c       0x2c /home/niklas/Downloads/gcc-arm-none-eabi-4_8-2014q3/bin/../lib/gcc/arm-none-eabi/4.8.4/../../../../arm-none-eabi/lib/armv7-m/libc_s.a(lib_a-closer.o)
 .debug_frame   0x00001448       0x2c /home/niklas/Downloads/gcc-arm-none-eabi-4_8-2014q3/bin/../lib/gcc/arm-none-eabi/4.8.4/../../../../arm-none-eabi/lib/armv7-m/libc_s.a(lib_a-fstatr.o)
 .debug_frame   0x00001474       0x2c /home/niklas/Downloads/gcc-arm-none-eabi-4_8-2014q3/bin/../lib/gcc/arm-none-eabi/4.8.4/../../../../arm-none-eabi/lib/armv7-m/libc_s.a(lib_a-isattyr.o)
 .debug_frame   0x000014a0       0x2c /home/niklas/Downloads/gcc-arm-none-eabi-4_8-2014q3/bin/../lib/gcc/arm-none-eabi/4.8.4/../../../../arm-none-eabi/lib/armv7-m/libc_s.a(lib_a-lseekr.o)
 .debug_frame   0x000014cc       0x2c /home/niklas/Downloads/gcc-arm-none-eabi-4_8-2014q3/bin/../lib/gcc/arm-none-eabi/4.8.4/../../../../arm-none-eabi/lib/armv7-m/libc_s.a(lib_a-readr.o)
 .debug_frame   0x000014f8       0x48 /home/niklas/Downloads/gcc-arm-none-eabi-4_8-2014q3/bin/../lib/gcc/arm-none-eabi/4.8.4/../../../../arm-none-eabi/lib/armv7-m/libc_s.a(lib_a-reent.o)
 .debug_frame   0x00001540       0x38 /home/niklas/Downloads/gcc-arm-none-eabi-4_8-2014q3/bin/../lib/gcc/arm-none-eabi/4.8.4/../../../../arm-none-eabi/lib/armv7-m/libm.a(lib_a-s_atan.o)
 .debug_frame   0x00001578       0x20 /home/niklas/Downloads/gcc-arm-none-eabi-4_8-2014q3/bin/../lib/gcc/arm-none-eabi/4.8.4/../../../../arm-none-eabi/lib/armv7-m/libm.a(lib_a-s_fabs.o)
 .debug_frame   0x00001598       0x20 /home/niklas/Downloads/gcc-arm-none-eabi-4_8-2014q3/bin/../lib/gcc/arm-none-eabi/4.8.4/../../../../arm-none-eabi/lib/armv7-m/libm.a(lib_a-w_atan2.o)
 .debug_frame   0x000015b8       0x38 /home/niklas/Downloads/gcc-arm-none-eabi-4_8-2014q3/bin/../lib/gcc/arm-none-eabi/4.8.4/../../../../arm-none-eabi/lib/armv7-m/libm.a(lib_a-w_sqrt.o)
 .debug_frame   0x000015f0       0x38 /home/niklas/Downloads/gcc-arm-none-eabi-4_8-2014q3/bin/../lib/gcc/arm-none-eabi/4.8.4/../../../../arm-none-eabi/lib/armv7-m/libm.a(lib_a-e_atan2.o)
 .debug_frame   0x00001628       0x34 /home/niklas/Downloads/gcc-arm-none-eabi-4_8-2014q3/bin/../lib/gcc/arm-none-eabi/4.8.4/../../../../arm-none-eabi/lib/armv7-m/libm.a(lib_a-e_sqrt.o)
 .debug_frame   0x0000165c       0x28 /home/niklas/Downloads/gcc-arm-none-eabi-4_8-2014q3/bin/../lib/gcc/arm-none-eabi/4.8.4/../../../../arm-none-eabi/lib/armv7-m/libm.a(lib_a-s_fpclassify.o)
 .debug_frame   0x00001684       0x20 /home/niklas/Downloads/gcc-arm-none-eabi-4_8-2014q3/bin/../lib/gcc/arm-none-eabi/4.8.4/../../../../arm-none-eabi/lib/armv7-m/libm.a(lib_a-s_matherr.o)

Cross Reference Table

Symbol                                            File
ADC1_CMP_IRQHandler                               build/startup.o
ADC_AnalogWatchdogSingleChannel_Config            build/gd32f1x0_adc.o
ADC_AnalogWatchdogThresholds_Config               build/gd32f1x0_adc.o
ADC_AnalogWatchdog_Enable                         build/gd32f1x0_adc.o
ADC_AutoInsertedConv_Enable                       build/gd32f1x0_adc.o
ADC_Calibration                                   build/gd32f1x0_adc.o
ADC_ClearBitState                                 build/gd32f1x0_adc.o
ADC_ClearINTBitState                              build/gd32f1x0_adc.o
ADC_DMA_Enable                                    build/gd32f1x0_adc.o
ADC_DeInit                                        build/gd32f1x0_adc.o
ADC_DiscModeChannelCount_Config                   build/gd32f1x0_adc.o
ADC_DiscMode_Enable                               build/gd32f1x0_adc.o
ADC_Enable                                        build/gd32f1x0_adc.o
ADC_ExternalTrigConv_Enable                       build/gd32f1x0_adc.o
ADC_ExternalTrigInsertedConv_Config               build/gd32f1x0_adc.o
ADC_ExternalTrigInsertedConv_Enable               build/gd32f1x0_adc.o
ADC_GetBitState                                   build/gd32f1x0_adc.o
ADC_GetConversionValue                            build/gd32f1x0_adc.o
ADC_GetINTState                                   build/gd32f1x0_adc.o
ADC_GetInsertedConversionValue                    build/gd32f1x0_adc.o
ADC_GetSoftwareStartConvBitState                  build/gd32f1x0_adc.o
ADC_GetSoftwareStartInsertedConvCmdBitState       build/gd32f1x0_adc.o
ADC_INTConfig                                     build/gd32f1x0_adc.o
ADC_Init                                          build/gd32f1x0_adc.o
ADC_InsertedChannel_Config                        build/gd32f1x0_adc.o
ADC_InsertedDiscMode_Enable                       build/gd32f1x0_adc.o
ADC_InsertedSequencerLength_Config                build/gd32f1x0_adc.o
ADC_RegularChannel_Config                         build/gd32f1x0_adc.o
ADC_SetInsertedOffset                             build/gd32f1x0_adc.o
ADC_SoftwareStartConv_Enable                      build/gd32f1x0_adc.o
ADC_SoftwareStartInsertedConv_Enable              build/gd32f1x0_adc.o
ADC_TempSensorVrefint_Enable                      build/gd32f1x0_adc.o
ADC_VBat_Enable                                   build/gd32f1x0_adc.o
AHBPrescTableList                                 build/system_gd32f1x0.o
BusFault_Handler                                  build/main.o
CEC_IRQHandler                                    build/startup.o
DMA1_Channel1_IRQHandler                          build/startup.o
DMA1_Channel2_3_IRQHandler                        build/startup.o
DMA1_Channel4_5_IRQHandler                        build/startup.o
DMA1_Channel6_7_IRQHandler                        build/startup.o
DMA_ClearBitState                                 build/gd32f1x0_dma.o
DMA_ClearIntBitState                              build/gd32f1x0_dma.o
DMA_DeInit                                        build/gd32f1x0_dma.o
DMA_Enable                                        build/gd32f1x0_dma.o
DMA_GetBitState                                   build/gd32f1x0_dma.o
DMA_GetCurrDataCounter                            build/gd32f1x0_dma.o
DMA_GetIntBitState                                build/gd32f1x0_dma.o
DMA_INTConfig                                     build/gd32f1x0_dma.o
DMA_Init                                          build/gd32f1x0_dma.o
DMA_ParaInit                                      build/gd32f1x0_dma.o
DMA_SetCurrDataCounter                            build/gd32f1x0_dma.o
DebugMon_Handler                                  build/startup.o
Default_Handler                                   build/startup.o
EXTI0_1_IRQHandler                                build/startup.o
EXTI2_3_IRQHandler                                build/startup.o
EXTI4_15_IRQHandler                               build/startup.o
FMC_ClearBitState                                 build/gd32f1x0_fmc.o
                                                  build/drv_fmc1.o
FMC_ErasePage                                     build/gd32f1x0_fmc.o
                                                  build/drv_fmc1.o
FMC_GetBitState                                   build/gd32f1x0_fmc.o
FMC_GetState                                      build/gd32f1x0_fmc.o
FMC_INTConfig                                     build/gd32f1x0_fmc.o
FMC_IRQHandler                                    build/startup.o
FMC_Lock                                          build/gd32f1x0_fmc.o
                                                  build/drv_fmc1.o
FMC_MassErase                                     build/gd32f1x0_fmc.o
FMC_OB_BOOTConfig                                 build/gd32f1x0_fmc.o
FMC_OB_EnableWRP                                  build/gd32f1x0_fmc.o
FMC_OB_Erase                                      build/gd32f1x0_fmc.o
FMC_OB_GetRDP                                     build/gd32f1x0_fmc.o
FMC_OB_GetUser                                    build/gd32f1x0_fmc.o
FMC_OB_GetWRP                                     build/gd32f1x0_fmc.o
FMC_OB_Lock                                       build/gd32f1x0_fmc.o
FMC_OB_RDPConfig                                  build/gd32f1x0_fmc.o
FMC_OB_Reset                                      build/gd32f1x0_fmc.o
FMC_OB_SRAMParityConfig                           build/gd32f1x0_fmc.o
FMC_OB_Unlock                                     build/gd32f1x0_fmc.o
FMC_OB_UserConfig                                 build/gd32f1x0_fmc.o
FMC_OB_VDDAConfig                                 build/gd32f1x0_fmc.o
FMC_OB_WriteUser                                  build/gd32f1x0_fmc.o
FMC_ProgramOptionByteData                         build/gd32f1x0_fmc.o
FMC_ProgramWord                                   build/gd32f1x0_fmc.o
                                                  build/drv_fmc1.o
FMC_Unlock                                        build/gd32f1x0_fmc.o
                                                  build/drv_fmc1.o
FMC_WaitReady                                     build/gd32f1x0_fmc.o
                                                  build/drv_fmc1.o
GPIO_DeInit                                       build/gd32f1x0_gpio.o
GPIO_Init                                         build/gd32f1x0_gpio.o
                                                  build/drv_i2c.o
                                                  build/drv_serial.o
                                                  build/drv_softi2c.o
                                                  build/drv_gpio.o
GPIO_ParaInit                                     build/gd32f1x0_gpio.o
GPIO_PinAFConfig                                  build/gd32f1x0_gpio.o
                                                  build/drv_i2c.o
                                                  build/drv_serial.o
GPIO_PinLock                                      build/gd32f1x0_gpio.o
GPIO_ReadInputBit                                 build/gd32f1x0_gpio.o
                                                  build/sixaxis.o
                                                  build/drv_i2c.o
                                                  build/main.o
                                                  build/drv_softi2c.o
GPIO_ReadInputData                                build/gd32f1x0_gpio.o
GPIO_ReadOutputBit                                build/gd32f1x0_gpio.o
GPIO_ReadOutputData                               build/gd32f1x0_gpio.o
GPIO_ResetBits                                    build/gd32f1x0_gpio.o
GPIO_SetBits                                      build/gd32f1x0_gpio.o
GPIO_Write                                        build/gd32f1x0_gpio.o
GPIO_WriteBit                                     build/gd32f1x0_gpio.o
                                                  build/drv_i2c.o
                                                  build/main.o
HardFault_Handler                                 build/main.o
I2C1_ER_IRQHandler                                build/startup.o
I2C1_EV_IRQHandler                                build/startup.o
I2C2_ER_IRQHandler                                build/startup.o
I2C2_EV_IRQHandler                                build/startup.o
I2C3_ER_IRQHandler                                build/startup.o
I2C3_EV_IRQHandler                                build/startup.o
I2C_ARP_Enable                                    build/gd32f1x0_i2c.o
I2C_Acknowledge_Enable                            build/gd32f1x0_i2c.o
                                                  build/drv_i2c.o
I2C_AddressingDevice_7bit                         build/gd32f1x0_i2c.o
I2C_ClearBitState                                 build/gd32f1x0_i2c.o
I2C_ClearIntBitState                              build/gd32f1x0_i2c.o
I2C_DMALastTransfer_Enable                        build/gd32f1x0_i2c.o
I2C_DMA_Enable                                    build/gd32f1x0_i2c.o
I2C_DeInit                                        build/gd32f1x0_i2c.o
I2C_DualAddress_Enable                            build/gd32f1x0_i2c.o
I2C_Enable                                        build/gd32f1x0_i2c.o
                                                  build/drv_i2c.o
I2C_FastModeDutyCycle                             build/gd32f1x0_i2c.o
I2C_GeneralCall_Enable                            build/gd32f1x0_i2c.o
I2C_GetBitState                                   build/gd32f1x0_i2c.o
                                                  build/drv_i2c.o
I2C_GetCurrentState                               build/gd32f1x0_i2c.o
I2C_GetIntBitState                                build/gd32f1x0_i2c.o
I2C_GetPECValue                                   build/gd32f1x0_i2c.o
I2C_INTConfig                                     build/gd32f1x0_i2c.o
I2C_Init                                          build/gd32f1x0_i2c.o
                                                  build/drv_i2c.o
I2C_NACKPosition_Enable                           build/gd32f1x0_i2c.o
                                                  build/drv_i2c.o
I2C_OwnAddress2                                   build/gd32f1x0_i2c.o
I2C_PECPosition_Enable                            build/gd32f1x0_i2c.o
I2C_PECTransmit_Enable                            build/gd32f1x0_i2c.o
I2C_PEC_Enable                                    build/gd32f1x0_i2c.o
I2C_ParaInit                                      build/gd32f1x0_i2c.o
I2C_ReadRegister                                  build/gd32f1x0_i2c.o
I2C_ReceiveData                                   build/gd32f1x0_i2c.o
                                                  build/drv_i2c.o
I2C_SMBusAlertSend_Enable                         build/gd32f1x0_i2c.o
I2C_SendData                                      build/gd32f1x0_i2c.o
                                                  build/drv_i2c.o
I2C_SoftwareReset_Enable                          build/gd32f1x0_i2c.o
I2C_StartOnBus_Enable                             build/gd32f1x0_i2c.o
                                                  build/drv_i2c.o
I2C_StateDetect                                   build/gd32f1x0_i2c.o
                                                  build/drv_i2c.o
I2C_StopOnBus_Enable                              build/gd32f1x0_i2c.o
                                                  build/drv_i2c.o
I2C_StretchClock_Enable                           build/gd32f1x0_i2c.o
LVD_IRQHandler                                    build/startup.o
MemManage_Handler                                 build/main.o
NMI_Handler                                       build/startup.o
PendSV_Handler                                    build/startup.o
RCC_ACCRPeriphClock_Enable                        build/gd32f1x0_rcc.o
RCC_ADCCLKConfig                                  build/gd32f1x0_rcc.o
RCC_AHBConfig                                     build/gd32f1x0_rcc.o
                                                  build/drv_clk.o
RCC_AHBPeriphClock_Enable                         build/gd32f1x0_rcc.o
                                                  build/drv_serial.o
                                                  build/drv_gpio.o
RCC_AHBPeriphReset_Enable                         build/gd32f1x0_rcc.o
                                                  build/gd32f1x0_gpio.o
RCC_APB1Config                                    build/gd32f1x0_rcc.o
                                                  build/drv_clk.o
RCC_APB1PeriphClock_Enable                        build/gd32f1x0_rcc.o
                                                  build/drv_i2c.o
                                                  build/drv_serial.o
RCC_APB1PeriphReset_Enable                        build/gd32f1x0_rcc.o
                                                  build/gd32f1x0_usart.o
                                                  build/gd32f1x0_i2c.o
RCC_APB2Config                                    build/gd32f1x0_rcc.o
                                                  build/drv_clk.o
RCC_APB2PeriphClock_Enable                        build/gd32f1x0_rcc.o
RCC_APB2PeriphReset_Enable                        build/gd32f1x0_rcc.o
                                                  build/gd32f1x0_usart.o
                                                  build/gd32f1x0_adc.o
RCC_ARCRPeriphReset_Enable                        build/gd32f1x0_rcc.o
RCC_AdjustHSI14CalibrationValue                   build/gd32f1x0_rcc.o
RCC_AdjustHSICalibrationValue                     build/gd32f1x0_rcc.o
RCC_BackupReset_Enable                            build/gd32f1x0_rcc.o
RCC_CECCLKConfig                                  build/gd32f1x0_rcc.o
RCC_CKOUTSRCConfig                                build/gd32f1x0_rcc.o
RCC_CK_SYSConfig                                  build/gd32f1x0_rcc.o
                                                  build/drv_clk.o
RCC_ClearBitState                                 build/gd32f1x0_rcc.o
RCC_ClearIntBitState                              build/gd32f1x0_rcc.o
RCC_DeInit                                        build/gd32f1x0_rcc.o
RCC_GetBitState                                   build/gd32f1x0_rcc.o
                                                  build/drv_clk.o
RCC_GetCK_SYSSource                               build/gd32f1x0_rcc.o
RCC_GetClocksFreq                                 build/gd32f1x0_rcc.o
                                                  build/gd32f1x0_usart.o
                                                  build/gd32f1x0_i2c.o
RCC_GetIntBitState                                build/gd32f1x0_rcc.o
RCC_HSEClockMonitor_Enable                        build/gd32f1x0_rcc.o
RCC_HSEConfig                                     build/gd32f1x0_rcc.o
                                                  build/drv_clk.o
RCC_HSEPREDVConfig                                build/gd32f1x0_rcc.o
RCC_HSI14_Enable                                  build/gd32f1x0_rcc.o
RCC_HSI_Enable                                    build/gd32f1x0_rcc.o
                                                  build/drv_clk.o
RCC_INTConfig                                     build/gd32f1x0_rcc.o
RCC_IRQHandler                                    build/startup.o
RCC_KERNELVOLConfig                               build/gd32f1x0_rcc.o
RCC_LSEConfig                                     build/gd32f1x0_rcc.o
RCC_LSEDriveConfig                                build/gd32f1x0_rcc.o
RCC_LSI_Enable                                    build/gd32f1x0_rcc.o
RCC_PLLConfig                                     build/gd32f1x0_rcc.o
                                                  build/drv_clk.o
RCC_PLL_Enable                                    build/gd32f1x0_rcc.o
                                                  build/drv_clk.o
RCC_POWERDOWNVOLConfig                            build/gd32f1x0_rcc.o
RCC_RTCCLKConfig                                  build/gd32f1x0_rcc.o
RCC_RTCCLK_Enable                                 build/gd32f1x0_rcc.o
RCC_USARTCLKConfig                                build/gd32f1x0_rcc.o
RCC_USBCLKConfig                                  build/gd32f1x0_rcc.o
RCC_UnlockPower                                   build/gd32f1x0_rcc.o
RCC_WaitForHSEStartUp                             build/gd32f1x0_rcc.o
RTC_IRQHandler                                    build/startup.o
Reset_Handler                                     build/startup.o
SPI1_IRQHandler                                   build/startup.o
SPI2_IRQHandler                                   build/startup.o
SPI3_IRQHandler                                   build/startup.o
SVC_Handler                                       build/startup.o
SysTick_Handler                                   build/drv_time.o
SystemCoreClock                                   build/system_gd32f1x0.o
SystemCoreClock_Update                            build/system_gd32f1x0.o
System_Init                                       build/system_gd32f1x0.o
                                                  build/startup.o
TE                                                build/util.o
TIM14_IRQHandler                                  build/startup.o
TIM15_IRQHandler                                  build/startup.o
TIM16_IRQHandler                                  build/startup.o
TIM17_IRQHandler                                  build/startup.o
TIM1_BRK_UP_TRG_COM_IRQHandler                    build/startup.o
TIM1_CC_IRQHandler                                build/startup.o
TIM2_IRQHandler                                   build/startup.o
TIM3_IRQHandler                                   build/startup.o
TIM6_DAC_IRQHandler                               build/startup.o
TIMER_BKDTConfig                                  build/gd32f1x0_timer.o
TIMER_BKDTStructInit                              build/gd32f1x0_timer.o
TIMER_BaseInit                                    build/gd32f1x0_timer.o
TIMER_BaseStructInit                              build/gd32f1x0_timer.o
TIMER_CARLPreloadConfig                           build/gd32f1x0_timer.o
TIMER_CC_DMA                                      build/gd32f1x0_timer.o
TIMER_CC_PreloadControl                           build/gd32f1x0_timer.o
TIMER_CCxCmd                                      build/gd32f1x0_timer.o
TIMER_CCxNCmd                                     build/gd32f1x0_timer.o
TIMER_ClearBitState                               build/gd32f1x0_timer.o
TIMER_ClearIntBitState                            build/gd32f1x0_timer.o
TIMER_Compare1Config                              build/gd32f1x0_timer.o
TIMER_Compare2Config                              build/gd32f1x0_timer.o
TIMER_Compare3Config                              build/gd32f1x0_timer.o
TIMER_Compare4Config                              build/gd32f1x0_timer.o
TIMER_CounterMode                                 build/gd32f1x0_timer.o
TIMER_CtrlPWMOutputs                              build/gd32f1x0_timer.o
TIMER_DMACmd                                      build/gd32f1x0_timer.o
TIMER_DMAConfig                                   build/gd32f1x0_timer.o
TIMER_DeInit                                      build/gd32f1x0_timer.o
TIMER_ETRClockMode1Config                         build/gd32f1x0_timer.o
TIMER_ETRClockMode2Config                         build/gd32f1x0_timer.o
TIMER_ETRConfig                                   build/gd32f1x0_timer.o
TIMER_Enable                                      build/gd32f1x0_timer.o
TIMER_EncoderInterfaceConfig                      build/gd32f1x0_timer.o
TIMER_Forced_OC1                                  build/gd32f1x0_timer.o
TIMER_Forced_OC2                                  build/gd32f1x0_timer.o
TIMER_Forced_OC3                                  build/gd32f1x0_timer.o
TIMER_Forced_OC4                                  build/gd32f1x0_timer.o
TIMER_GenerateEvent                               build/gd32f1x0_timer.o
TIMER_GetBitState                                 build/gd32f1x0_timer.o
TIMER_GetCapture1                                 build/gd32f1x0_timer.o
TIMER_GetCapture2                                 build/gd32f1x0_timer.o
TIMER_GetCapture3                                 build/gd32f1x0_timer.o
TIMER_GetCapture4                                 build/gd32f1x0_timer.o
TIMER_GetCounter                                  build/gd32f1x0_timer.o
TIMER_GetIntBitState                              build/gd32f1x0_timer.o
TIMER_GetPrescaler                                build/gd32f1x0_timer.o
TIMER_ICInit                                      build/gd32f1x0_timer.o
TIMER_ICStructInit                                build/gd32f1x0_timer.o
TIMER_INTConfig                                   build/gd32f1x0_timer.o
TIMER_ITRxExtClock                                build/gd32f1x0_timer.o
TIMER_InternalClockConfig                         build/gd32f1x0_timer.o
TIMER_OC1N_Polarity                               build/gd32f1x0_timer.o
TIMER_OC1_FastConfig                              build/gd32f1x0_timer.o
TIMER_OC1_Init                                    build/gd32f1x0_timer.o
TIMER_OC1_Polarity                                build/gd32f1x0_timer.o
TIMER_OC1_Preload                                 build/gd32f1x0_timer.o
TIMER_OC1_RefClear                                build/gd32f1x0_timer.o
TIMER_OC2N_Polarity                               build/gd32f1x0_timer.o
TIMER_OC2_FastConfig                              build/gd32f1x0_timer.o
TIMER_OC2_Init                                    build/gd32f1x0_timer.o
TIMER_OC2_Polarity                                build/gd32f1x0_timer.o
TIMER_OC2_Preload                                 build/gd32f1x0_timer.o
TIMER_OC2_RefClear                                build/gd32f1x0_timer.o
TIMER_OC3N_Polarity                               build/gd32f1x0_timer.o
TIMER_OC3_FastConfig                              build/gd32f1x0_timer.o
TIMER_OC3_Init                                    build/gd32f1x0_timer.o
TIMER_OC3_Polarity                                build/gd32f1x0_timer.o
TIMER_OC3_Preload                                 build/gd32f1x0_timer.o
TIMER_OC3_RefClear                                build/gd32f1x0_timer.o
TIMER_OC4_FastConfig                              build/gd32f1x0_timer.o
TIMER_OC4_Init                                    build/gd32f1x0_timer.o
TIMER_OC4_Polarity                                build/gd32f1x0_timer.o
TIMER_OC4_Preload                                 build/gd32f1x0_timer.o
TIMER_OC4_RefClear                                build/gd32f1x0_timer.o
TIMER_OCStructInit                                build/gd32f1x0_timer.o
TIMER_OCxModeConfig                               build/gd32f1x0_timer.o
TIMER_PWMCaptureConfig                            build/gd32f1x0_timer.o
TIMER_PrescalerConfig                             build/gd32f1x0_timer.o
TIMER_RemapConfig                                 build/gd32f1x0_timer.o
TIMER_SelectCOM                                   build/gd32f1x0_timer.o
TIMER_SelectHallSensor                            build/gd32f1x0_timer.o
TIMER_SelectInputTrigger                          build/gd32f1x0_timer.o
TIMER_SelectMasterSlaveMode                       build/gd32f1x0_timer.o
TIMER_SelectOCRefClear                            build/gd32f1x0_timer.o
TIMER_SelectOutputTrigger                         build/gd32f1x0_timer.o
TIMER_SelectSlaveMode                             build/gd32f1x0_timer.o
TIMER_SetAutoreload                               build/gd32f1x0_timer.o
TIMER_SetClockDivision                            build/gd32f1x0_timer.o
TIMER_SetCounter                                  build/gd32f1x0_timer.o
TIMER_Set_IC1_Prescaler                           build/gd32f1x0_timer.o
TIMER_Set_IC2_Prescaler                           build/gd32f1x0_timer.o
TIMER_Set_IC3_Prescaler                           build/gd32f1x0_timer.o
TIMER_Set_IC4_Prescaler                           build/gd32f1x0_timer.o
TIMER_SinglePulseMode                             build/gd32f1x0_timer.o
TIMER_TIxExtCLkConfig                             build/gd32f1x0_timer.o
TIMER_UpdateDisableConfig                         build/gd32f1x0_timer.o
TIMER_UpdateRequestConfig                         build/gd32f1x0_timer.o
TS                                                build/util.o
TS_IRQHandler                                     build/startup.o
USART1_IRQHandler                                 build/startup.o
USART2_IRQHandler                                 build/drv_serial.o
USART_Address                                     build/gd32f1x0_usart.o
USART_AddressDetection_Set                        build/gd32f1x0_usart.o
USART_AutoBaudRateDectMode_Set                    build/gd32f1x0_usart.o
USART_AutoBaudRateDect_Enable                     build/gd32f1x0_usart.o
USART_AutoRetryNumber_Set                         build/gd32f1x0_usart.o
USART_BlockLength_Set                             build/gd32f1x0_usart.o
USART_ClearBitState                               build/gd32f1x0_usart.o
USART_ClearIntBitState                            build/gd32f1x0_usart.o
USART_ClockInit                                   build/gd32f1x0_usart.o
USART_ClockStructInit                             build/gd32f1x0_usart.o
USART_DEATime_Set                                 build/gd32f1x0_usart.o
USART_DEDTime_Set                                 build/gd32f1x0_usart.o
USART_DEEPSLEEPModeEnable                         build/gd32f1x0_usart.o
USART_DEEPSLEEPModeWakeUpSourceConfig             build/gd32f1x0_usart.o
USART_DE_Enable                                   build/gd32f1x0_usart.o
USART_DMARE_Set                                   build/gd32f1x0_usart.o
USART_DMA_Enable                                  build/gd32f1x0_usart.o
USART_DataInvert_Enable                           build/gd32f1x0_usart.o
USART_DataReceive                                 build/gd32f1x0_usart.o
USART_DataSend                                    build/gd32f1x0_usart.o
                                                  build/sixaxis.o
USART_DeInit                                      build/gd32f1x0_usart.o
USART_DriverEnablePolarity_Set                    build/gd32f1x0_usart.o
USART_Enable                                      build/gd32f1x0_usart.o
                                                  build/drv_serial.o
USART_GetBitState                                 build/gd32f1x0_usart.o
USART_GetIntBitState                              build/gd32f1x0_usart.o
USART_GuardTime_Set                               build/gd32f1x0_usart.o
USART_HalfDuplex_Enable                           build/gd32f1x0_usart.o
USART_INT_Set                                     build/gd32f1x0_usart.o
                                                  build/drv_serial.o
USART_Init                                        build/gd32f1x0_usart.o
                                                  build/drv_serial.o
USART_InvPin_Enable                               build/gd32f1x0_usart.o
USART_IrDA_Enable                                 build/gd32f1x0_usart.o
USART_IrDA_Set                                    build/gd32f1x0_usart.o
USART_LIN_Enable                                  build/gd32f1x0_usart.o
USART_MSBFirst_Enable                             build/gd32f1x0_usart.o
USART_MuteModeWakeUp_Set                          build/gd32f1x0_usart.o
USART_MuteMode_Enable                             build/gd32f1x0_usart.o
USART_OneSamplingBit_Enable                       build/gd32f1x0_usart.o
USART_OverRunFunc_Set                             build/gd32f1x0_usart.o
USART_OverSampling8_Enable                        build/gd32f1x0_usart.o
USART_ParaInit                                    build/gd32f1x0_usart.o
USART_ReceiverTimeOut_Enable                      build/gd32f1x0_usart.o
USART_Request_Enable                              build/gd32f1x0_usart.o
USART_SWPFunction_Enable                          build/gd32f1x0_usart.o
USART_SetLINBDLength                              build/gd32f1x0_usart.o
USART_SetPrescaler                                build/gd32f1x0_usart.o
USART_SetReceiveTimeOut_Threshold                 build/gd32f1x0_usart.o
USART_SmartCardNACK_Enable                        build/gd32f1x0_usart.o
USART_SmartCard_Enable                            build/gd32f1x0_usart.o
USART_TransferDirection_Enable                    build/gd32f1x0_usart.o
USBWakeUp_IRQHandler                              build/startup.o
USB_HP_IRQHandler                                 build/startup.o
USB_LP_IRQHandler                                 build/startup.o
UsageFault_Handler                                build/main.o
WWDG_IRQHandler                                   build/startup.o
_Jv_RegisterClasses                               /home/niklas/Downloads/gcc-arm-none-eabi-4_8-2014q3/bin/../lib/gcc/arm-none-eabi/4.8.4/armv7-m/crtbegin.o
__LDREXB                                          build/core_cm3.o
__LDREXH                                          build/core_cm3.o
__LDREXW                                          build/core_cm3.o
__RBIT                                            build/core_cm3.o
__REV                                             build/core_cm3.o
__REV16                                           build/core_cm3.o
__REVSH                                           build/core_cm3.o
__STREXB                                          build/core_cm3.o
__STREXH                                          build/core_cm3.o
__STREXW                                          build/core_cm3.o
__adddf3                                          /home/niklas/Downloads/gcc-arm-none-eabi-4_8-2014q3/bin/../lib/gcc/arm-none-eabi/4.8.4/armv7-m/libgcc.a(_arm_addsubdf3.o)
__addsf3                                          /home/niklas/Downloads/gcc-arm-none-eabi-4_8-2014q3/bin/../lib/gcc/arm-none-eabi/4.8.4/armv7-m/libgcc.a(_arm_addsubsf3.o)
__aeabi_cdcmpeq                                   /home/niklas/Downloads/gcc-arm-none-eabi-4_8-2014q3/bin/../lib/gcc/arm-none-eabi/4.8.4/armv7-m/libgcc.a(_arm_cmpdf2.o)
__aeabi_cdcmple                                   /home/niklas/Downloads/gcc-arm-none-eabi-4_8-2014q3/bin/../lib/gcc/arm-none-eabi/4.8.4/armv7-m/libgcc.a(_arm_cmpdf2.o)
__aeabi_cdrcmple                                  /home/niklas/Downloads/gcc-arm-none-eabi-4_8-2014q3/bin/../lib/gcc/arm-none-eabi/4.8.4/armv7-m/libgcc.a(_arm_cmpdf2.o)
__aeabi_cfcmpeq                                   /home/niklas/Downloads/gcc-arm-none-eabi-4_8-2014q3/bin/../lib/gcc/arm-none-eabi/4.8.4/armv7-m/libgcc.a(_arm_cmpsf2.o)
__aeabi_cfcmple                                   /home/niklas/Downloads/gcc-arm-none-eabi-4_8-2014q3/bin/../lib/gcc/arm-none-eabi/4.8.4/armv7-m/libgcc.a(_arm_cmpsf2.o)
__aeabi_cfrcmple                                  /home/niklas/Downloads/gcc-arm-none-eabi-4_8-2014q3/bin/../lib/gcc/arm-none-eabi/4.8.4/armv7-m/libgcc.a(_arm_cmpsf2.o)
__aeabi_d2f                                       /home/niklas/Downloads/gcc-arm-none-eabi-4_8-2014q3/bin/../lib/gcc/arm-none-eabi/4.8.4/armv7-m/libgcc.a(_arm_truncdfsf2.o)
                                                  /home/niklas/Downloads/gcc-arm-none-eabi-4_8-2014q3/bin/../lib/gcc/arm-none-eabi/4.8.4/../../../../arm-none-eabi/lib/armv7-m/libm.a(lib_a-wf_exp.o)
                                                  build/sixaxis.o
                                                  build/util.o
__aeabi_dadd                                      /home/niklas/Downloads/gcc-arm-none-eabi-4_8-2014q3/bin/../lib/gcc/arm-none-eabi/4.8.4/armv7-m/libgcc.a(_arm_addsubdf3.o)
                                                  /home/niklas/Downloads/gcc-arm-none-eabi-4_8-2014q3/bin/../lib/gcc/arm-none-eabi/4.8.4/../../../../arm-none-eabi/lib/armv7-m/libm.a(lib_a-e_sqrt.o)